Component: ARM Compiler 5.06 update 5 (build 528) Tool: armlink [4d35e2]

==============================================================================

Section Cross References

    system_stm32l0xx.o(i.SystemCoreClockUpdate) refers to uidiv.o(.text) for __aeabi_uidivmod
    system_stm32l0xx.o(i.SystemCoreClockUpdate) refers to system_stm32l0xx.o(.data) for .data
    system_stm32l0xx.o(i.SystemCoreClockUpdate) refers to system_stm32l0xx.o(.constdata) for .constdata
    stm32l0xx_hal_dma.o(i.HAL_DMA_Abort) refers to stm32l0xx_hal.o(i.HAL_GetTick) for HAL_GetTick
    stm32l0xx_hal_dma.o(i.HAL_DMA_PollForTransfer) refers to stm32l0xx_hal.o(i.HAL_GetTick) for HAL_GetTick
    stm32l0xx_hal_dma.o(i.HAL_DMA_Start) refers to stm32l0xx_hal_dma.o(i.DMA_SetConfig) for DMA_SetConfig
    stm32l0xx_hal_dma.o(i.HAL_DMA_Start_IT) refers to stm32l0xx_hal_dma.o(i.DMA_SetConfig) for DMA_SetConfig
    stm32l0xx_hal_pwr_ex.o(i.HAL_PWREx_DisableLowPowerRunMode) refers to uidiv.o(.text) for __aeabi_uidivmod
    stm32l0xx_hal_pwr_ex.o(i.HAL_PWREx_DisableLowPowerRunMode) refers to system_stm32l0xx.o(.data) for SystemCoreClock
    stm32l0xx_hal.o(i.HAL_DeInit) refers to stm32l0xx_hal.o(i.HAL_MspDeInit) for HAL_MspDeInit
    stm32l0xx_hal.o(i.HAL_Delay) refers to stm32l0xx_hal.o(i.HAL_GetTick) for HAL_GetTick
    stm32l0xx_hal.o(i.HAL_GetTick) refers to stm32l0xx_hal.o(.data) for .data
    stm32l0xx_hal.o(i.HAL_IncTick) refers to stm32l0xx_hal.o(.data) for .data
    stm32l0xx_hal.o(i.HAL_Init) refers to stm32l0xx_hal.o(i.HAL_InitTick) for HAL_InitTick
    stm32l0xx_hal.o(i.HAL_Init) refers to stm32l0xx_hal.o(i.HAL_MspInit) for HAL_MspInit
    stm32l0xx_hal.o(i.HAL_InitTick) refers to uidiv.o(.text) for __aeabi_uidivmod
    stm32l0xx_hal.o(i.HAL_InitTick) refers to stm32l0xx_hal_cortex.o(i.HAL_SYSTICK_Config) for HAL_SYSTICK_Config
    stm32l0xx_hal.o(i.HAL_InitTick) refers to stm32l0xx_hal_cortex.o(i.HAL_NVIC_SetPriority) for HAL_NVIC_SetPriority
    stm32l0xx_hal.o(i.HAL_InitTick) refers to system_stm32l0xx.o(.data) for SystemCoreClock
    stm32l0xx_hal_rcc.o(i.HAL_RCC_ClockConfig) refers to stm32l0xx_hal.o(i.HAL_GetTick) for HAL_GetTick
    stm32l0xx_hal_rcc.o(i.HAL_RCC_ClockConfig) refers to stm32l0xx_hal_rcc.o(i.HAL_RCC_GetSysClockFreq) for HAL_RCC_GetSysClockFreq
    stm32l0xx_hal_rcc.o(i.HAL_RCC_ClockConfig) refers to stm32l0xx_hal.o(i.HAL_InitTick) for HAL_InitTick
    stm32l0xx_hal_rcc.o(i.HAL_RCC_ClockConfig) refers to system_stm32l0xx.o(.constdata) for AHBPrescTable
    stm32l0xx_hal_rcc.o(i.HAL_RCC_ClockConfig) refers to system_stm32l0xx.o(.data) for SystemCoreClock
    stm32l0xx_hal_rcc.o(i.HAL_RCC_DeInit) refers to system_stm32l0xx.o(.data) for SystemCoreClock
    stm32l0xx_hal_rcc.o(i.HAL_RCC_GetHCLKFreq) refers to system_stm32l0xx.o(.data) for SystemCoreClock
    stm32l0xx_hal_rcc.o(i.HAL_RCC_GetPCLK1Freq) refers to system_stm32l0xx.o(.data) for SystemCoreClock
    stm32l0xx_hal_rcc.o(i.HAL_RCC_GetPCLK1Freq) refers to system_stm32l0xx.o(.constdata) for APBPrescTable
    stm32l0xx_hal_rcc.o(i.HAL_RCC_GetPCLK2Freq) refers to system_stm32l0xx.o(.data) for SystemCoreClock
    stm32l0xx_hal_rcc.o(i.HAL_RCC_GetPCLK2Freq) refers to system_stm32l0xx.o(.constdata) for APBPrescTable
    stm32l0xx_hal_rcc.o(i.HAL_RCC_GetSysClockFreq) refers to uidiv.o(.text) for __aeabi_uidivmod
    stm32l0xx_hal_rcc.o(i.HAL_RCC_GetSysClockFreq) refers to system_stm32l0xx.o(.constdata) for PLLMulTable
    stm32l0xx_hal_rcc.o(i.HAL_RCC_MCOConfig) refers to memseta.o(.text) for __aeabi_memclr4
    stm32l0xx_hal_rcc.o(i.HAL_RCC_MCOConfig) refers to stm32l0xx_hal_gpio.o(i.HAL_GPIO_Init) for HAL_GPIO_Init
    stm32l0xx_hal_rcc.o(i.HAL_RCC_NMI_IRQHandler) refers to stm32l0xx_hal_rcc.o(i.HAL_RCC_CSSCallback) for HAL_RCC_CSSCallback
    stm32l0xx_hal_rcc.o(i.HAL_RCC_OscConfig) refers to stm32l0xx_hal.o(i.HAL_GetTick) for HAL_GetTick
    stm32l0xx_hal_rcc.o(i.HAL_RCC_OscConfig) refers to stm32l0xx_hal_rcc.o(i.RCC_SetFlashLatencyFromMSIRange) for RCC_SetFlashLatencyFromMSIRange
    stm32l0xx_hal_rcc.o(i.HAL_RCC_OscConfig) refers to stm32l0xx_hal.o(i.HAL_InitTick) for HAL_InitTick
    stm32l0xx_hal_rcc.o(i.HAL_RCC_OscConfig) refers to system_stm32l0xx.o(.constdata) for AHBPrescTable
    stm32l0xx_hal_rcc.o(i.HAL_RCC_OscConfig) refers to system_stm32l0xx.o(.data) for SystemCoreClock
    stm32l0xx_hal_uart_ex.o(i.HAL_MultiProcessorEx_AddressLength_Set) refers to stm32l0xx_hal_uart.o(i.UART_CheckIdleState) for UART_CheckIdleState
    stm32l0xx_hal_uart_ex.o(i.HAL_RS485Ex_Init) refers to stm32l0xx_hal_msp.o(i.HAL_UART_MspInit) for HAL_UART_MspInit
    stm32l0xx_hal_uart_ex.o(i.HAL_RS485Ex_Init) refers to stm32l0xx_hal_uart.o(i.UART_AdvFeatureConfig) for UART_AdvFeatureConfig
    stm32l0xx_hal_uart_ex.o(i.HAL_RS485Ex_Init) refers to stm32l0xx_hal_uart.o(i.UART_SetConfig) for UART_SetConfig
    stm32l0xx_hal_uart_ex.o(i.HAL_RS485Ex_Init) refers to stm32l0xx_hal_uart.o(i.UART_CheckIdleState) for UART_CheckIdleState
    stm32l0xx_hal_uart_ex.o(i.HAL_UARTEx_StopModeWakeUpSourceConfig) refers to stm32l0xx_hal.o(i.HAL_GetTick) for HAL_GetTick
    stm32l0xx_hal_uart_ex.o(i.HAL_UARTEx_StopModeWakeUpSourceConfig) refers to stm32l0xx_hal_uart.o(i.UART_WaitOnFlagUntilTimeout) for UART_WaitOnFlagUntilTimeout
    stm32l0xx_hal_rcc_ex.o(i.HAL_RCCEx_CRSWaitSynchronization) refers to stm32l0xx_hal.o(i.HAL_GetTick) for HAL_GetTick
    stm32l0xx_hal_rcc_ex.o(i.HAL_RCCEx_CRS_IRQHandler) refers to stm32l0xx_hal_rcc_ex.o(i.HAL_RCCEx_CRS_SyncOkCallback) for HAL_RCCEx_CRS_SyncOkCallback
    stm32l0xx_hal_rcc_ex.o(i.HAL_RCCEx_CRS_IRQHandler) refers to stm32l0xx_hal_rcc_ex.o(i.HAL_RCCEx_CRS_SyncWarnCallback) for HAL_RCCEx_CRS_SyncWarnCallback
    stm32l0xx_hal_rcc_ex.o(i.HAL_RCCEx_CRS_IRQHandler) refers to stm32l0xx_hal_rcc_ex.o(i.HAL_RCCEx_CRS_ExpectedSyncCallback) for HAL_RCCEx_CRS_ExpectedSyncCallback
    stm32l0xx_hal_rcc_ex.o(i.HAL_RCCEx_CRS_IRQHandler) refers to stm32l0xx_hal_rcc_ex.o(i.HAL_RCCEx_CRS_ErrorCallback) for HAL_RCCEx_CRS_ErrorCallback
    stm32l0xx_hal_rcc_ex.o(i.HAL_RCCEx_GetPeriphCLKFreq) refers to uidiv.o(.text) for __aeabi_uidivmod
    stm32l0xx_hal_rcc_ex.o(i.HAL_RCCEx_GetPeriphCLKFreq) refers to stm32l0xx_hal_rcc.o(i.HAL_RCC_GetPCLK2Freq) for HAL_RCC_GetPCLK2Freq
    stm32l0xx_hal_rcc_ex.o(i.HAL_RCCEx_GetPeriphCLKFreq) refers to stm32l0xx_hal_rcc.o(i.HAL_RCC_GetSysClockFreq) for HAL_RCC_GetSysClockFreq
    stm32l0xx_hal_rcc_ex.o(i.HAL_RCCEx_GetPeriphCLKFreq) refers to stm32l0xx_hal_rcc.o(i.HAL_RCC_GetPCLK1Freq) for HAL_RCC_GetPCLK1Freq
    stm32l0xx_hal_rcc_ex.o(i.HAL_RCCEx_GetPeriphCLKFreq) refers to system_stm32l0xx.o(.constdata) for PLLMulTable
    stm32l0xx_hal_rcc_ex.o(i.HAL_RCCEx_LSECSS_IRQHandler) refers to stm32l0xx_hal_rcc_ex.o(i.HAL_RCCEx_LSECSS_Callback) for HAL_RCCEx_LSECSS_Callback
    stm32l0xx_hal_rcc_ex.o(i.HAL_RCCEx_PeriphCLKConfig) refers to stm32l0xx_hal.o(i.HAL_GetTick) for HAL_GetTick
    stm32l0xx_hal_pwr.o(i.HAL_PWR_PVD_IRQHandler) refers to stm32l0xx_hal_pwr.o(i.HAL_PWR_PVDCallback) for HAL_PWR_PVDCallback
    stm32l0xx_hal_cortex.o(i.HAL_NVIC_SetPriority) refers to stm32l0xx_hal_cortex.o(i.__NVIC_SetPriority) for __NVIC_SetPriority
    stm32l0xx_hal_cortex.o(i.HAL_SYSTICK_Config) refers to stm32l0xx_hal_cortex.o(i.__NVIC_SetPriority) for __NVIC_SetPriority
    stm32l0xx_hal_cortex.o(i.HAL_SYSTICK_IRQHandler) refers to stm32l0xx_hal_cortex.o(i.HAL_SYSTICK_Callback) for HAL_SYSTICK_Callback
    stm32l0xx_hal_uart.o(i.HAL_HalfDuplex_Init) refers to stm32l0xx_hal_msp.o(i.HAL_UART_MspInit) for HAL_UART_MspInit
    stm32l0xx_hal_uart.o(i.HAL_HalfDuplex_Init) refers to stm32l0xx_hal_uart.o(i.UART_AdvFeatureConfig) for UART_AdvFeatureConfig
    stm32l0xx_hal_uart.o(i.HAL_HalfDuplex_Init) refers to stm32l0xx_hal_uart.o(i.UART_SetConfig) for UART_SetConfig
    stm32l0xx_hal_uart.o(i.HAL_HalfDuplex_Init) refers to stm32l0xx_hal_uart.o(i.UART_CheckIdleState) for UART_CheckIdleState
    stm32l0xx_hal_uart.o(i.HAL_LIN_Init) refers to stm32l0xx_hal_msp.o(i.HAL_UART_MspInit) for HAL_UART_MspInit
    stm32l0xx_hal_uart.o(i.HAL_LIN_Init) refers to stm32l0xx_hal_uart.o(i.UART_AdvFeatureConfig) for UART_AdvFeatureConfig
    stm32l0xx_hal_uart.o(i.HAL_LIN_Init) refers to stm32l0xx_hal_uart.o(i.UART_SetConfig) for UART_SetConfig
    stm32l0xx_hal_uart.o(i.HAL_LIN_Init) refers to stm32l0xx_hal_uart.o(i.UART_CheckIdleState) for UART_CheckIdleState
    stm32l0xx_hal_uart.o(i.HAL_MultiProcessor_DisableMuteMode) refers to stm32l0xx_hal_uart.o(i.UART_CheckIdleState) for UART_CheckIdleState
    stm32l0xx_hal_uart.o(i.HAL_MultiProcessor_EnableMuteMode) refers to stm32l0xx_hal_uart.o(i.UART_CheckIdleState) for UART_CheckIdleState
    stm32l0xx_hal_uart.o(i.HAL_MultiProcessor_Init) refers to stm32l0xx_hal_msp.o(i.HAL_UART_MspInit) for HAL_UART_MspInit
    stm32l0xx_hal_uart.o(i.HAL_MultiProcessor_Init) refers to stm32l0xx_hal_uart.o(i.UART_AdvFeatureConfig) for UART_AdvFeatureConfig
    stm32l0xx_hal_uart.o(i.HAL_MultiProcessor_Init) refers to stm32l0xx_hal_uart.o(i.UART_SetConfig) for UART_SetConfig
    stm32l0xx_hal_uart.o(i.HAL_MultiProcessor_Init) refers to stm32l0xx_hal_uart.o(i.UART_CheckIdleState) for UART_CheckIdleState
    stm32l0xx_hal_uart.o(i.HAL_UART_Abort) refers to stm32l0xx_hal_dma.o(i.HAL_DMA_Abort) for HAL_DMA_Abort
    stm32l0xx_hal_uart.o(i.HAL_UART_AbortReceive) refers to stm32l0xx_hal_dma.o(i.HAL_DMA_Abort) for HAL_DMA_Abort
    stm32l0xx_hal_uart.o(i.HAL_UART_AbortReceive_IT) refers to stm32l0xx_hal_dma.o(i.HAL_DMA_Abort_IT) for HAL_DMA_Abort_IT
    stm32l0xx_hal_uart.o(i.HAL_UART_AbortReceive_IT) refers to stm32l0xx_hal_uart.o(i.HAL_UART_AbortReceiveCpltCallback) for HAL_UART_AbortReceiveCpltCallback
    stm32l0xx_hal_uart.o(i.HAL_UART_AbortReceive_IT) refers to stm32l0xx_hal_uart.o(i.UART_DMARxOnlyAbortCallback) for UART_DMARxOnlyAbortCallback
    stm32l0xx_hal_uart.o(i.HAL_UART_AbortTransmit) refers to stm32l0xx_hal_dma.o(i.HAL_DMA_Abort) for HAL_DMA_Abort
    stm32l0xx_hal_uart.o(i.HAL_UART_AbortTransmit_IT) refers to stm32l0xx_hal_dma.o(i.HAL_DMA_Abort_IT) for HAL_DMA_Abort_IT
    stm32l0xx_hal_uart.o(i.HAL_UART_AbortTransmit_IT) refers to stm32l0xx_hal_uart.o(i.HAL_UART_AbortTransmitCpltCallback) for HAL_UART_AbortTransmitCpltCallback
    stm32l0xx_hal_uart.o(i.HAL_UART_AbortTransmit_IT) refers to stm32l0xx_hal_uart.o(i.UART_DMATxOnlyAbortCallback) for UART_DMATxOnlyAbortCallback
    stm32l0xx_hal_uart.o(i.HAL_UART_Abort_IT) refers to stm32l0xx_hal_dma.o(i.HAL_DMA_Abort_IT) for HAL_DMA_Abort_IT
    stm32l0xx_hal_uart.o(i.HAL_UART_Abort_IT) refers to stm32l0xx_hal_uart.o(i.HAL_UART_AbortCpltCallback) for HAL_UART_AbortCpltCallback
    stm32l0xx_hal_uart.o(i.HAL_UART_Abort_IT) refers to stm32l0xx_hal_uart.o(i.UART_DMATxAbortCallback) for UART_DMATxAbortCallback
    stm32l0xx_hal_uart.o(i.HAL_UART_Abort_IT) refers to stm32l0xx_hal_uart.o(i.UART_DMARxAbortCallback) for UART_DMARxAbortCallback
    stm32l0xx_hal_uart.o(i.HAL_UART_DMAStop) refers to stm32l0xx_hal_dma.o(i.HAL_DMA_Abort) for HAL_DMA_Abort
    stm32l0xx_hal_uart.o(i.HAL_UART_DMAStop) refers to stm32l0xx_hal_uart.o(i.UART_EndTxTransfer) for UART_EndTxTransfer
    stm32l0xx_hal_uart.o(i.HAL_UART_DMAStop) refers to stm32l0xx_hal_uart.o(i.UART_EndRxTransfer) for UART_EndRxTransfer
    stm32l0xx_hal_uart.o(i.HAL_UART_DeInit) refers to stm32l0xx_hal_msp.o(i.HAL_UART_MspDeInit) for HAL_UART_MspDeInit
    stm32l0xx_hal_uart.o(i.HAL_UART_IRQHandler) refers to stm32l0xx_hal_uart.o(i.UART_Receive_IT) for UART_Receive_IT
    stm32l0xx_hal_uart.o(i.HAL_UART_IRQHandler) refers to stm32l0xx_hal_uart.o(i.UART_EndRxTransfer) for UART_EndRxTransfer
    stm32l0xx_hal_uart.o(i.HAL_UART_IRQHandler) refers to stm32l0xx_hal_dma.o(i.HAL_DMA_Abort_IT) for HAL_DMA_Abort_IT
    stm32l0xx_hal_uart.o(i.HAL_UART_IRQHandler) refers to stm32l0xx_hal_uart.o(i.HAL_UART_ErrorCallback) for HAL_UART_ErrorCallback
    stm32l0xx_hal_uart.o(i.HAL_UART_IRQHandler) refers to stm32l0xx_hal_uart_ex.o(i.HAL_UARTEx_WakeupCallback) for HAL_UARTEx_WakeupCallback
    stm32l0xx_hal_uart.o(i.HAL_UART_IRQHandler) refers to stm32l0xx_hal_uart.o(i.UART_Transmit_IT) for UART_Transmit_IT
    stm32l0xx_hal_uart.o(i.HAL_UART_IRQHandler) refers to stm32l0xx_hal_uart.o(i.HAL_UART_TxCpltCallback) for HAL_UART_TxCpltCallback
    stm32l0xx_hal_uart.o(i.HAL_UART_IRQHandler) refers to stm32l0xx_hal_uart.o(i.UART_DMAAbortOnError) for UART_DMAAbortOnError
    stm32l0xx_hal_uart.o(i.HAL_UART_Init) refers to stm32l0xx_hal_msp.o(i.HAL_UART_MspInit) for HAL_UART_MspInit
    stm32l0xx_hal_uart.o(i.HAL_UART_Init) refers to stm32l0xx_hal_uart.o(i.UART_AdvFeatureConfig) for UART_AdvFeatureConfig
    stm32l0xx_hal_uart.o(i.HAL_UART_Init) refers to stm32l0xx_hal_uart.o(i.UART_SetConfig) for UART_SetConfig
    stm32l0xx_hal_uart.o(i.HAL_UART_Init) refers to stm32l0xx_hal_uart.o(i.UART_CheckIdleState) for UART_CheckIdleState
    stm32l0xx_hal_uart.o(i.HAL_UART_Receive) refers to stm32l0xx_hal.o(i.HAL_GetTick) for HAL_GetTick
    stm32l0xx_hal_uart.o(i.HAL_UART_Receive) refers to stm32l0xx_hal_uart.o(i.UART_WaitOnFlagUntilTimeout) for UART_WaitOnFlagUntilTimeout
    stm32l0xx_hal_uart.o(i.HAL_UART_Receive_DMA) refers to stm32l0xx_hal_dma.o(i.HAL_DMA_Start_IT) for HAL_DMA_Start_IT
    stm32l0xx_hal_uart.o(i.HAL_UART_Receive_DMA) refers to stm32l0xx_hal_uart.o(i.UART_DMAReceiveCplt) for UART_DMAReceiveCplt
    stm32l0xx_hal_uart.o(i.HAL_UART_Receive_DMA) refers to stm32l0xx_hal_uart.o(i.UART_DMARxHalfCplt) for UART_DMARxHalfCplt
    stm32l0xx_hal_uart.o(i.HAL_UART_Receive_DMA) refers to stm32l0xx_hal_uart.o(i.UART_DMAError) for UART_DMAError
    stm32l0xx_hal_uart.o(i.HAL_UART_Transmit) refers to stm32l0xx_hal.o(i.HAL_GetTick) for HAL_GetTick
    stm32l0xx_hal_uart.o(i.HAL_UART_Transmit) refers to stm32l0xx_hal_uart.o(i.UART_WaitOnFlagUntilTimeout) for UART_WaitOnFlagUntilTimeout
    stm32l0xx_hal_uart.o(i.HAL_UART_Transmit_DMA) refers to stm32l0xx_hal_dma.o(i.HAL_DMA_Start_IT) for HAL_DMA_Start_IT
    stm32l0xx_hal_uart.o(i.HAL_UART_Transmit_DMA) refers to stm32l0xx_hal_uart.o(i.UART_DMATransmitCplt) for UART_DMATransmitCplt
    stm32l0xx_hal_uart.o(i.HAL_UART_Transmit_DMA) refers to stm32l0xx_hal_uart.o(i.UART_DMATxHalfCplt) for UART_DMATxHalfCplt
    stm32l0xx_hal_uart.o(i.HAL_UART_Transmit_DMA) refers to stm32l0xx_hal_uart.o(i.UART_DMAError) for UART_DMAError
    stm32l0xx_hal_uart.o(i.UART_CheckIdleState) refers to stm32l0xx_hal.o(i.HAL_GetTick) for HAL_GetTick
    stm32l0xx_hal_uart.o(i.UART_CheckIdleState) refers to stm32l0xx_hal_uart.o(i.UART_WaitOnFlagUntilTimeout) for UART_WaitOnFlagUntilTimeout
    stm32l0xx_hal_uart.o(i.UART_DMAAbortOnError) refers to stm32l0xx_hal_uart.o(i.HAL_UART_ErrorCallback) for HAL_UART_ErrorCallback
    stm32l0xx_hal_uart.o(i.UART_DMAError) refers to stm32l0xx_hal_uart.o(i.UART_EndTxTransfer) for UART_EndTxTransfer
    stm32l0xx_hal_uart.o(i.UART_DMAError) refers to stm32l0xx_hal_uart.o(i.UART_EndRxTransfer) for UART_EndRxTransfer
    stm32l0xx_hal_uart.o(i.UART_DMAError) refers to stm32l0xx_hal_uart.o(i.HAL_UART_ErrorCallback) for HAL_UART_ErrorCallback
    stm32l0xx_hal_uart.o(i.UART_DMAReceiveCplt) refers to stm32l0xx_hal_uart.o(i.HAL_UART_RxCpltCallback) for HAL_UART_RxCpltCallback
    stm32l0xx_hal_uart.o(i.UART_DMARxAbortCallback) refers to stm32l0xx_hal_uart.o(i.HAL_UART_AbortCpltCallback) for HAL_UART_AbortCpltCallback
    stm32l0xx_hal_uart.o(i.UART_DMARxHalfCplt) refers to stm32l0xx_hal_uart.o(i.HAL_UART_RxHalfCpltCallback) for HAL_UART_RxHalfCpltCallback
    stm32l0xx_hal_uart.o(i.UART_DMARxOnlyAbortCallback) refers to stm32l0xx_hal_uart.o(i.HAL_UART_AbortReceiveCpltCallback) for HAL_UART_AbortReceiveCpltCallback
    stm32l0xx_hal_uart.o(i.UART_DMATransmitCplt) refers to stm32l0xx_hal_uart.o(i.HAL_UART_TxCpltCallback) for HAL_UART_TxCpltCallback
    stm32l0xx_hal_uart.o(i.UART_DMATxAbortCallback) refers to stm32l0xx_hal_uart.o(i.HAL_UART_AbortCpltCallback) for HAL_UART_AbortCpltCallback
    stm32l0xx_hal_uart.o(i.UART_DMATxHalfCplt) refers to stm32l0xx_hal_uart.o(i.HAL_UART_TxHalfCpltCallback) for HAL_UART_TxHalfCpltCallback
    stm32l0xx_hal_uart.o(i.UART_DMATxOnlyAbortCallback) refers to stm32l0xx_hal_uart.o(i.HAL_UART_AbortTransmitCpltCallback) for HAL_UART_AbortTransmitCpltCallback
    stm32l0xx_hal_uart.o(i.UART_Receive_IT) refers to stm32l0xx_hal_uart.o(i.HAL_UART_RxCpltCallback) for HAL_UART_RxCpltCallback
    stm32l0xx_hal_uart.o(i.UART_SetConfig) refers to stm32l0xx_hal_rcc_ex.o(i.HAL_RCCEx_GetPeriphCLKFreq) for HAL_RCCEx_GetPeriphCLKFreq
    stm32l0xx_hal_uart.o(i.UART_SetConfig) refers to stm32l0xx_hal_rcc.o(i.HAL_RCC_GetPCLK1Freq) for HAL_RCC_GetPCLK1Freq
    stm32l0xx_hal_uart.o(i.UART_SetConfig) refers to stm32l0xx_hal_rcc.o(i.HAL_RCC_GetSysClockFreq) for HAL_RCC_GetSysClockFreq
    stm32l0xx_hal_uart.o(i.UART_SetConfig) refers to uldiv.o(.text) for __aeabi_uldivmod
    stm32l0xx_hal_uart.o(i.UART_SetConfig) refers to stm32l0xx_hal_uart.o(i.__ARM_common_switch8) for __ARM_common_switch8
    stm32l0xx_hal_uart.o(i.UART_SetConfig) refers to stm32l0xx_hal_rcc.o(i.HAL_RCC_GetPCLK2Freq) for HAL_RCC_GetPCLK2Freq
    stm32l0xx_hal_uart.o(i.UART_SetConfig) refers to uidiv.o(.text) for __aeabi_uidivmod
    stm32l0xx_hal_uart.o(i.UART_WaitOnFlagUntilTimeout) refers to stm32l0xx_hal.o(i.HAL_GetTick) for HAL_GetTick
    stm32l0xx_hal_gpio.o(i.HAL_GPIO_EXTI_IRQHandler) refers to stm32l0xx_hal_gpio.o(i.HAL_GPIO_EXTI_Callback) for HAL_GPIO_EXTI_Callback
    stm32l0xx_it.o(i.SysTick_Handler) refers to stm32l0xx_hal.o(i.HAL_IncTick) for HAL_IncTick
    stm32l0xx_it.o(i.USART2_IRQHandler) refers to main.o(i.UART_CharReception_Callback) for UART_CharReception_Callback
    stm32l0xx_it.o(i.USART2_IRQHandler) refers to main.o(i.UART_Error_Callback) for UART_Error_Callback
    stm32l0xx_hal_msp.o(i.HAL_UART_MspDeInit) refers to stm32l0xx_hal_gpio.o(i.HAL_GPIO_DeInit) for HAL_GPIO_DeInit
    stm32l0xx_hal_msp.o(i.HAL_UART_MspDeInit) refers to stm32l0xx_hal_cortex.o(i.HAL_NVIC_DisableIRQ) for HAL_NVIC_DisableIRQ
    stm32l0xx_hal_msp.o(i.HAL_UART_MspInit) refers to stm32l0xx_hal_gpio.o(i.HAL_GPIO_Init) for HAL_GPIO_Init
    stm32l0xx_hal_msp.o(i.HAL_UART_MspInit) refers to stm32l0xx_hal_cortex.o(i.HAL_NVIC_SetPriority) for HAL_NVIC_SetPriority
    stm32l0xx_hal_msp.o(i.HAL_UART_MspInit) refers to stm32l0xx_hal_cortex.o(i.HAL_NVIC_EnableIRQ) for HAL_NVIC_EnableIRQ
    main.o(i.Error_Handler) refers to stm32l0xx_nucleo.o(i.BSP_LED_On) for BSP_LED_On
    main.o(i.SystemClock_Config) refers to memseta.o(.text) for __aeabi_memclr4
    main.o(i.SystemClock_Config) refers to stm32l0xx_hal_rcc.o(i.HAL_RCC_OscConfig) for HAL_RCC_OscConfig
    main.o(i.SystemClock_Config) refers to stm32l0xx_hal_rcc.o(i.HAL_RCC_ClockConfig) for HAL_RCC_ClockConfig
    main.o(i.UART_CharReception_Callback) refers to main.o(.data) for .data
    main.o(i.UART_Error_Callback) refers to stm32l0xx_nucleo.o(i.BSP_LED_On) for BSP_LED_On
    main.o(i.main) refers to stm32l0xx_hal.o(i.HAL_Init) for HAL_Init
    main.o(i.main) refers to main.o(i.SystemClock_Config) for SystemClock_Config
    main.o(i.main) refers to stm32l0xx_nucleo.o(i.BSP_LED_Init) for BSP_LED_Init
    main.o(i.main) refers to stm32l0xx_hal_uart.o(i.HAL_UART_Init) for HAL_UART_Init
    main.o(i.main) refers to stm32l0xx_hal_uart.o(i.HAL_UART_Transmit) for HAL_UART_Transmit
    main.o(i.main) refers to main.o(i.Error_Handler) for Error_Handler
    main.o(i.main) refers to stm32l0xx_nucleo.o(i.BSP_LED_Toggle) for BSP_LED_Toggle
    main.o(i.main) refers to stm32l0xx_hal.o(i.HAL_Delay) for HAL_Delay
    main.o(i.main) refers to main.o(.bss) for .bss
    main.o(i.main) refers to main.o(.data) for .data
    startup_stm32l073xx.o(RESET) refers to startup_stm32l073xx.o(STACK) for __initial_sp
    startup_stm32l073xx.o(RESET) refers to startup_stm32l073xx.o(.text) for Reset_Handler
    startup_stm32l073xx.o(RESET) refers to stm32l0xx_it.o(i.NMI_Handler) for NMI_Handler
    startup_stm32l073xx.o(RESET) refers to stm32l0xx_it.o(i.HardFault_Handler) for HardFault_Handler
    startup_stm32l073xx.o(RESET) refers to stm32l0xx_it.o(i.SVC_Handler) for SVC_Handler
    startup_stm32l073xx.o(RESET) refers to stm32l0xx_it.o(i.PendSV_Handler) for PendSV_Handler
    startup_stm32l073xx.o(RESET) refers to stm32l0xx_it.o(i.SysTick_Handler) for SysTick_Handler
    startup_stm32l073xx.o(RESET) refers to stm32l0xx_it.o(i.USART2_IRQHandler) for USART2_IRQHandler
    startup_stm32l073xx.o(.text) refers to system_stm32l0xx.o(i.SystemInit) for SystemInit
    startup_stm32l073xx.o(.text) refers to entry.o(.ARM.Collect$$$$00000000) for __main
    stm32l0xx_nucleo.o(i.BSP_LED_DeInit) refers to stm32l0xx_hal_gpio.o(i.HAL_GPIO_WritePin) for HAL_GPIO_WritePin
    stm32l0xx_nucleo.o(i.BSP_LED_DeInit) refers to stm32l0xx_hal_gpio.o(i.HAL_GPIO_DeInit) for HAL_GPIO_DeInit
    stm32l0xx_nucleo.o(i.BSP_LED_DeInit) refers to stm32l0xx_nucleo.o(.constdata) for .constdata
    stm32l0xx_nucleo.o(i.BSP_LED_DeInit) refers to stm32l0xx_nucleo.o(.data) for .data
    stm32l0xx_nucleo.o(i.BSP_LED_Init) refers to stm32l0xx_hal_gpio.o(i.HAL_GPIO_Init) for HAL_GPIO_Init
    stm32l0xx_nucleo.o(i.BSP_LED_Init) refers to stm32l0xx_hal_gpio.o(i.HAL_GPIO_WritePin) for HAL_GPIO_WritePin
    stm32l0xx_nucleo.o(i.BSP_LED_Init) refers to stm32l0xx_nucleo.o(.constdata) for .constdata
    stm32l0xx_nucleo.o(i.BSP_LED_Init) refers to stm32l0xx_nucleo.o(.data) for .data
    stm32l0xx_nucleo.o(i.BSP_LED_Off) refers to stm32l0xx_hal_gpio.o(i.HAL_GPIO_WritePin) for HAL_GPIO_WritePin
    stm32l0xx_nucleo.o(i.BSP_LED_Off) refers to stm32l0xx_nucleo.o(.constdata) for .constdata
    stm32l0xx_nucleo.o(i.BSP_LED_Off) refers to stm32l0xx_nucleo.o(.data) for .data
    stm32l0xx_nucleo.o(i.BSP_LED_On) refers to stm32l0xx_hal_gpio.o(i.HAL_GPIO_WritePin) for HAL_GPIO_WritePin
    stm32l0xx_nucleo.o(i.BSP_LED_On) refers to stm32l0xx_nucleo.o(.constdata) for .constdata
    stm32l0xx_nucleo.o(i.BSP_LED_On) refers to stm32l0xx_nucleo.o(.data) for .data
    stm32l0xx_nucleo.o(i.BSP_LED_Toggle) refers to stm32l0xx_hal_gpio.o(i.HAL_GPIO_TogglePin) for HAL_GPIO_TogglePin
    stm32l0xx_nucleo.o(i.BSP_LED_Toggle) refers to stm32l0xx_nucleo.o(.constdata) for .constdata
    stm32l0xx_nucleo.o(i.BSP_LED_Toggle) refers to stm32l0xx_nucleo.o(.data) for .data
    stm32l0xx_nucleo.o(i.BSP_PB_DeInit) refers to stm32l0xx_hal_cortex.o(i.HAL_NVIC_DisableIRQ) for HAL_NVIC_DisableIRQ
    stm32l0xx_nucleo.o(i.BSP_PB_DeInit) refers to stm32l0xx_hal_gpio.o(i.HAL_GPIO_DeInit) for HAL_GPIO_DeInit
    stm32l0xx_nucleo.o(i.BSP_PB_DeInit) refers to stm32l0xx_nucleo.o(.constdata) for .constdata
    stm32l0xx_nucleo.o(i.BSP_PB_DeInit) refers to stm32l0xx_nucleo.o(.data) for .data
    stm32l0xx_nucleo.o(i.BSP_PB_GetState) refers to stm32l0xx_hal_gpio.o(i.HAL_GPIO_ReadPin) for HAL_GPIO_ReadPin
    stm32l0xx_nucleo.o(i.BSP_PB_GetState) refers to stm32l0xx_nucleo.o(.constdata) for .constdata
    stm32l0xx_nucleo.o(i.BSP_PB_GetState) refers to stm32l0xx_nucleo.o(.data) for .data
    stm32l0xx_nucleo.o(i.BSP_PB_Init) refers to stm32l0xx_hal_gpio.o(i.HAL_GPIO_Init) for HAL_GPIO_Init
    stm32l0xx_nucleo.o(i.BSP_PB_Init) refers to stm32l0xx_hal_cortex.o(i.HAL_NVIC_SetPriority) for HAL_NVIC_SetPriority
    stm32l0xx_nucleo.o(i.BSP_PB_Init) refers to stm32l0xx_hal_cortex.o(i.HAL_NVIC_EnableIRQ) for HAL_NVIC_EnableIRQ
    stm32l0xx_nucleo.o(i.BSP_PB_Init) refers to stm32l0xx_nucleo.o(.constdata) for .constdata
    stm32l0xx_nucleo.o(i.BSP_PB_Init) refers to stm32l0xx_nucleo.o(.data) for .data
    entry.o(.ARM.Collect$$$$00000000) refers (Special) to entry10a.o(.ARM.Collect$$$$0000000D) for __rt_final_cpp
    entry.o(.ARM.Collect$$$$00000000) refers (Special) to entry11a.o(.ARM.Collect$$$$0000000F) for __rt_final_exit
    entry.o(.ARM.Collect$$$$00000000) refers (Special) to entry7b.o(.ARM.Collect$$$$00000008) for _main_clock
    entry.o(.ARM.Collect$$$$00000000) refers (Special) to entry8b.o(.ARM.Collect$$$$0000000A) for _main_cpp_init
    entry.o(.ARM.Collect$$$$00000000) refers (Special) to entry9a.o(.ARM.Collect$$$$0000000B) for _main_init
    entry.o(.ARM.Collect$$$$00000000) refers (Special) to entry5.o(.ARM.Collect$$$$00000004) for _main_scatterload
    entry.o(.ARM.Collect$$$$00000000) refers (Special) to entry2.o(.ARM.Collect$$$$00000001) for _main_stk
    uldiv.o(.text) refers to llushr.o(.text) for __aeabi_llsr
    uldiv.o(.text) refers to llshl.o(.text) for __aeabi_llsl
    entry2.o(.ARM.Collect$$$$00000001) refers to entry2.o(.ARM.Collect$$$$00002712) for __lit__00000000
    entry2.o(.ARM.Collect$$$$00002712) refers to startup_stm32l073xx.o(STACK) for __initial_sp
    entry2.o(__vectab_stack_and_reset_area) refers to startup_stm32l073xx.o(STACK) for __initial_sp
    entry2.o(__vectab_stack_and_reset_area) refers to entry.o(.ARM.Collect$$$$00000000) for __main
    entry5.o(.ARM.Collect$$$$00000004) refers to init.o(.text) for __scatterload
    entry9a.o(.ARM.Collect$$$$0000000B) refers to main.o(i.main) for main
    entry9b.o(.ARM.Collect$$$$0000000C) refers to main.o(i.main) for main
    init.o(.text) refers to entry5.o(.ARM.Collect$$$$00000004) for __main_after_scatterload


==============================================================================

Removing Unused input sections from the image.

    Removing system_stm32l0xx.o(.rev16_text), (4 bytes).
    Removing system_stm32l0xx.o(.revsh_text), (4 bytes).
    Removing system_stm32l0xx.o(i.SystemCoreClockUpdate), (136 bytes).
    Removing stm32l0xx_hal_dma.o(.rev16_text), (4 bytes).
    Removing stm32l0xx_hal_dma.o(.revsh_text), (4 bytes).
    Removing stm32l0xx_hal_dma.o(i.DMA_SetConfig), (30 bytes).
    Removing stm32l0xx_hal_dma.o(i.HAL_DMA_Abort), (76 bytes).
    Removing stm32l0xx_hal_dma.o(i.HAL_DMA_Abort_IT), (152 bytes).
    Removing stm32l0xx_hal_dma.o(i.HAL_DMA_DeInit), (468 bytes).
    Removing stm32l0xx_hal_dma.o(i.HAL_DMA_GetError), (4 bytes).
    Removing stm32l0xx_hal_dma.o(i.HAL_DMA_GetState), (6 bytes).
    Removing stm32l0xx_hal_dma.o(i.HAL_DMA_IRQHandler), (640 bytes).
    Removing stm32l0xx_hal_dma.o(i.HAL_DMA_Init), (264 bytes).
    Removing stm32l0xx_hal_dma.o(i.HAL_DMA_PollForTransfer), (616 bytes).
    Removing stm32l0xx_hal_dma.o(i.HAL_DMA_Start), (50 bytes).
    Removing stm32l0xx_hal_dma.o(i.HAL_DMA_Start_IT), (78 bytes).
    Removing stm32l0xx_hal_pwr_ex.o(.rev16_text), (4 bytes).
    Removing stm32l0xx_hal_pwr_ex.o(.revsh_text), (4 bytes).
    Removing stm32l0xx_hal_pwr_ex.o(i.HAL_PWREx_DisableFastWakeUp), (16 bytes).
    Removing stm32l0xx_hal_pwr_ex.o(i.HAL_PWREx_DisableLowPowerRunMode), (76 bytes).
    Removing stm32l0xx_hal_pwr_ex.o(i.HAL_PWREx_DisableUltraLowPower), (16 bytes).
    Removing stm32l0xx_hal_pwr_ex.o(i.HAL_PWREx_EnableFastWakeUp), (16 bytes).
    Removing stm32l0xx_hal_pwr_ex.o(i.HAL_PWREx_EnableLowPowerRunMode), (24 bytes).
    Removing stm32l0xx_hal_pwr_ex.o(i.HAL_PWREx_EnableUltraLowPower), (16 bytes).
    Removing stm32l0xx_hal_pwr_ex.o(i.HAL_PWREx_GetVoltageRange), (16 bytes).
    Removing stm32l0xx_hal.o(.rev16_text), (4 bytes).
    Removing stm32l0xx_hal.o(.revsh_text), (4 bytes).
    Removing stm32l0xx_hal.o(i.HAL_DBGMCU_DBG_DisableLowPowerConfig), (16 bytes).
    Removing stm32l0xx_hal.o(i.HAL_DBGMCU_DBG_EnableLowPowerConfig), (16 bytes).
    Removing stm32l0xx_hal.o(i.HAL_DBGMCU_DisableDBGSleepMode), (16 bytes).
    Removing stm32l0xx_hal.o(i.HAL_DBGMCU_DisableDBGStandbyMode), (16 bytes).
    Removing stm32l0xx_hal.o(i.HAL_DBGMCU_DisableDBGStopMode), (16 bytes).
    Removing stm32l0xx_hal.o(i.HAL_DBGMCU_EnableDBGSleepMode), (16 bytes).
    Removing stm32l0xx_hal.o(i.HAL_DBGMCU_EnableDBGStandbyMode), (16 bytes).
    Removing stm32l0xx_hal.o(i.HAL_DBGMCU_EnableDBGStopMode), (16 bytes).
    Removing stm32l0xx_hal.o(i.HAL_DeInit), (40 bytes).
    Removing stm32l0xx_hal.o(i.HAL_GetDEVID), (16 bytes).
    Removing stm32l0xx_hal.o(i.HAL_GetHalVersion), (8 bytes).
    Removing stm32l0xx_hal.o(i.HAL_GetREVID), (12 bytes).
    Removing stm32l0xx_hal.o(i.HAL_MspDeInit), (2 bytes).
    Removing stm32l0xx_hal.o(i.HAL_ResumeTick), (16 bytes).
    Removing stm32l0xx_hal.o(i.HAL_SYSCFG_Disable_Lock_VREFINT), (16 bytes).
    Removing stm32l0xx_hal.o(i.HAL_SYSCFG_Enable_Lock_VREFINT), (16 bytes).
    Removing stm32l0xx_hal.o(i.HAL_SYSCFG_GetBootMode), (16 bytes).
    Removing stm32l0xx_hal.o(i.HAL_SYSCFG_VREFINT_OutputSelect), (24 bytes).
    Removing stm32l0xx_hal.o(i.HAL_SuspendTick), (16 bytes).
    Removing stm32l0xx_hal_rcc.o(.rev16_text), (4 bytes).
    Removing stm32l0xx_hal_rcc.o(.revsh_text), (4 bytes).
    Removing stm32l0xx_hal_rcc.o(i.HAL_RCC_CSSCallback), (2 bytes).
    Removing stm32l0xx_hal_rcc.o(i.HAL_RCC_DeInit), (108 bytes).
    Removing stm32l0xx_hal_rcc.o(i.HAL_RCC_EnableCSS), (20 bytes).
    Removing stm32l0xx_hal_rcc.o(i.HAL_RCC_GetClockConfig), (64 bytes).
    Removing stm32l0xx_hal_rcc.o(i.HAL_RCC_GetHCLKFreq), (12 bytes).
    Removing stm32l0xx_hal_rcc.o(i.HAL_RCC_GetOscConfig), (192 bytes).
    Removing stm32l0xx_hal_rcc.o(i.HAL_RCC_MCOConfig), (132 bytes).
    Removing stm32l0xx_hal_rcc.o(i.HAL_RCC_NMI_IRQHandler), (24 bytes).
    Removing stm32l0xx_hal_uart_ex.o(.rev16_text), (4 bytes).
    Removing stm32l0xx_hal_uart_ex.o(.revsh_text), (4 bytes).
    Removing stm32l0xx_hal_uart_ex.o(i.HAL_MultiProcessorEx_AddressLength_Set), (54 bytes).
    Removing stm32l0xx_hal_uart_ex.o(i.HAL_RS485Ex_Init), (144 bytes).
    Removing stm32l0xx_hal_uart_ex.o(i.HAL_UARTEx_DisableClockStopMode), (44 bytes).
    Removing stm32l0xx_hal_uart_ex.o(i.HAL_UARTEx_DisableStopMode), (42 bytes).
    Removing stm32l0xx_hal_uart_ex.o(i.HAL_UARTEx_EnableClockStopMode), (44 bytes).
    Removing stm32l0xx_hal_uart_ex.o(i.HAL_UARTEx_EnableStopMode), (42 bytes).
    Removing stm32l0xx_hal_uart_ex.o(i.HAL_UARTEx_StopModeWakeUpSourceConfig), (152 bytes).
    Removing stm32l0xx_hal_uart_ex.o(i.HAL_UARTEx_WakeupCallback), (2 bytes).
    Removing stm32l0xx_hal_rcc_ex.o(.rev16_text), (4 bytes).
    Removing stm32l0xx_hal_rcc_ex.o(.revsh_text), (4 bytes).
    Removing stm32l0xx_hal_rcc_ex.o(i.HAL_RCCEx_CRSConfig), (72 bytes).
    Removing stm32l0xx_hal_rcc_ex.o(i.HAL_RCCEx_CRSGetSynchronizationInfo), (40 bytes).
    Removing stm32l0xx_hal_rcc_ex.o(i.HAL_RCCEx_CRSSoftwareSynchronizationGenerate), (16 bytes).
    Removing stm32l0xx_hal_rcc_ex.o(i.HAL_RCCEx_CRSWaitSynchronization), (120 bytes).
    Removing stm32l0xx_hal_rcc_ex.o(i.HAL_RCCEx_CRS_ErrorCallback), (2 bytes).
    Removing stm32l0xx_hal_rcc_ex.o(i.HAL_RCCEx_CRS_ExpectedSyncCallback), (2 bytes).
    Removing stm32l0xx_hal_rcc_ex.o(i.HAL_RCCEx_CRS_IRQHandler), (112 bytes).
    Removing stm32l0xx_hal_rcc_ex.o(i.HAL_RCCEx_CRS_SyncOkCallback), (2 bytes).
    Removing stm32l0xx_hal_rcc_ex.o(i.HAL_RCCEx_CRS_SyncWarnCallback), (2 bytes).
    Removing stm32l0xx_hal_rcc_ex.o(i.HAL_RCCEx_DisableHSI48_VREFINT), (16 bytes).
    Removing stm32l0xx_hal_rcc_ex.o(i.HAL_RCCEx_DisableLSECSS), (32 bytes).
    Removing stm32l0xx_hal_rcc_ex.o(i.HAL_RCCEx_EnableHSI48_VREFINT), (16 bytes).
    Removing stm32l0xx_hal_rcc_ex.o(i.HAL_RCCEx_EnableLSECSS), (20 bytes).
    Removing stm32l0xx_hal_rcc_ex.o(i.HAL_RCCEx_EnableLSECSS_IT), (52 bytes).
    Removing stm32l0xx_hal_rcc_ex.o(i.HAL_RCCEx_GetPeriphCLKConfig), (116 bytes).
    Removing stm32l0xx_hal_rcc_ex.o(i.HAL_RCCEx_LSECSS_Callback), (2 bytes).
    Removing stm32l0xx_hal_rcc_ex.o(i.HAL_RCCEx_LSECSS_IRQHandler), (24 bytes).
    Removing stm32l0xx_hal_rcc_ex.o(i.HAL_RCCEx_PeriphCLKConfig), (428 bytes).
    Removing stm32l0xx_hal_pwr.o(.rev16_text), (4 bytes).
    Removing stm32l0xx_hal_pwr.o(.revsh_text), (4 bytes).
    Removing stm32l0xx_hal_pwr.o(i.HAL_PWR_ConfigPVD), (104 bytes).
    Removing stm32l0xx_hal_pwr.o(i.HAL_PWR_DeInit), (24 bytes).
    Removing stm32l0xx_hal_pwr.o(i.HAL_PWR_DisableBkUpAccess), (16 bytes).
    Removing stm32l0xx_hal_pwr.o(i.HAL_PWR_DisablePVD), (16 bytes).
    Removing stm32l0xx_hal_pwr.o(i.HAL_PWR_DisableSEVOnPend), (16 bytes).
    Removing stm32l0xx_hal_pwr.o(i.HAL_PWR_DisableSleepOnExit), (16 bytes).
    Removing stm32l0xx_hal_pwr.o(i.HAL_PWR_DisableWakeUpPin), (16 bytes).
    Removing stm32l0xx_hal_pwr.o(i.HAL_PWR_EnableBkUpAccess), (16 bytes).
    Removing stm32l0xx_hal_pwr.o(i.HAL_PWR_EnablePVD), (16 bytes).
    Removing stm32l0xx_hal_pwr.o(i.HAL_PWR_EnableSEVOnPend), (16 bytes).
    Removing stm32l0xx_hal_pwr.o(i.HAL_PWR_EnableSleepOnExit), (16 bytes).
    Removing stm32l0xx_hal_pwr.o(i.HAL_PWR_EnableWakeUpPin), (16 bytes).
    Removing stm32l0xx_hal_pwr.o(i.HAL_PWR_EnterSLEEPMode), (48 bytes).
    Removing stm32l0xx_hal_pwr.o(i.HAL_PWR_EnterSTANDBYMode), (32 bytes).
    Removing stm32l0xx_hal_pwr.o(i.HAL_PWR_EnterSTOPMode), (52 bytes).
    Removing stm32l0xx_hal_pwr.o(i.HAL_PWR_PVDCallback), (2 bytes).
    Removing stm32l0xx_hal_pwr.o(i.HAL_PWR_PVD_IRQHandler), (28 bytes).
    Removing stm32l0xx_hal_cortex.o(.rev16_text), (4 bytes).
    Removing stm32l0xx_hal_cortex.o(.revsh_text), (4 bytes).
    Removing stm32l0xx_hal_cortex.o(i.HAL_MPU_ConfigRegion), (80 bytes).
    Removing stm32l0xx_hal_cortex.o(i.HAL_NVIC_ClearPendingIRQ), (24 bytes).
    Removing stm32l0xx_hal_cortex.o(i.HAL_NVIC_DisableIRQ), (32 bytes).
    Removing stm32l0xx_hal_cortex.o(i.HAL_NVIC_GetPendingIRQ), (32 bytes).
    Removing stm32l0xx_hal_cortex.o(i.HAL_NVIC_GetPriority), (52 bytes).
    Removing stm32l0xx_hal_cortex.o(i.HAL_NVIC_SetPendingIRQ), (24 bytes).
    Removing stm32l0xx_hal_cortex.o(i.HAL_NVIC_SystemReset), (28 bytes).
    Removing stm32l0xx_hal_cortex.o(i.HAL_SYSTICK_CLKSourceConfig), (24 bytes).
    Removing stm32l0xx_hal_cortex.o(i.HAL_SYSTICK_Callback), (2 bytes).
    Removing stm32l0xx_hal_cortex.o(i.HAL_SYSTICK_IRQHandler), (8 bytes).
    Removing stm32l0xx_hal_uart.o(.rev16_text), (4 bytes).
    Removing stm32l0xx_hal_uart.o(.revsh_text), (4 bytes).
    Removing stm32l0xx_hal_uart.o(i.HAL_HalfDuplex_EnableReceiver), (54 bytes).
    Removing stm32l0xx_hal_uart.o(i.HAL_HalfDuplex_EnableTransmitter), (54 bytes).
    Removing stm32l0xx_hal_uart.o(i.HAL_HalfDuplex_Init), (118 bytes).
    Removing stm32l0xx_hal_uart.o(i.HAL_LIN_Init), (146 bytes).
    Removing stm32l0xx_hal_uart.o(i.HAL_LIN_SendBreak), (42 bytes).
    Removing stm32l0xx_hal_uart.o(i.HAL_MultiProcessor_DisableMuteMode), (46 bytes).
    Removing stm32l0xx_hal_uart.o(i.HAL_MultiProcessor_EnableMuteMode), (46 bytes).
    Removing stm32l0xx_hal_uart.o(i.HAL_MultiProcessor_EnterMuteMode), (12 bytes).
    Removing stm32l0xx_hal_uart.o(i.HAL_MultiProcessor_Init), (144 bytes).
    Removing stm32l0xx_hal_uart.o(i.HAL_UART_Abort), (120 bytes).
    Removing stm32l0xx_hal_uart.o(i.HAL_UART_AbortCpltCallback), (2 bytes).
    Removing stm32l0xx_hal_uart.o(i.HAL_UART_AbortReceive), (80 bytes).
    Removing stm32l0xx_hal_uart.o(i.HAL_UART_AbortReceiveCpltCallback), (2 bytes).
    Removing stm32l0xx_hal_uart.o(i.HAL_UART_AbortReceive_IT), (116 bytes).
    Removing stm32l0xx_hal_uart.o(i.HAL_UART_AbortTransmit), (62 bytes).
    Removing stm32l0xx_hal_uart.o(i.HAL_UART_AbortTransmitCpltCallback), (2 bytes).
    Removing stm32l0xx_hal_uart.o(i.HAL_UART_AbortTransmit_IT), (92 bytes).
    Removing stm32l0xx_hal_uart.o(i.HAL_UART_Abort_IT), (196 bytes).
    Removing stm32l0xx_hal_uart.o(i.HAL_UART_DMAPause), (94 bytes).
    Removing stm32l0xx_hal_uart.o(i.HAL_UART_DMAResume), (86 bytes).
    Removing stm32l0xx_hal_uart.o(i.HAL_UART_DMAStop), (88 bytes).
    Removing stm32l0xx_hal_uart.o(i.HAL_UART_DeInit), (62 bytes).
    Removing stm32l0xx_hal_uart.o(i.HAL_UART_ErrorCallback), (2 bytes).
    Removing stm32l0xx_hal_uart.o(i.HAL_UART_GetError), (4 bytes).
    Removing stm32l0xx_hal_uart.o(i.HAL_UART_GetState), (12 bytes).
    Removing stm32l0xx_hal_uart.o(i.HAL_UART_IRQHandler), (324 bytes).
    Removing stm32l0xx_hal_uart.o(i.HAL_UART_MspDeInit), (2 bytes).
    Removing stm32l0xx_hal_uart.o(i.HAL_UART_MspInit), (2 bytes).
    Removing stm32l0xx_hal_uart.o(i.HAL_UART_Receive), (256 bytes).
    Removing stm32l0xx_hal_uart.o(i.HAL_UART_Receive_DMA), (164 bytes).
    Removing stm32l0xx_hal_uart.o(i.HAL_UART_Receive_IT), (160 bytes).
    Removing stm32l0xx_hal_uart.o(i.HAL_UART_RxCpltCallback), (2 bytes).
    Removing stm32l0xx_hal_uart.o(i.HAL_UART_RxHalfCpltCallback), (2 bytes).
    Removing stm32l0xx_hal_uart.o(i.HAL_UART_Transmit_DMA), (152 bytes).
    Removing stm32l0xx_hal_uart.o(i.HAL_UART_Transmit_IT), (88 bytes).
    Removing stm32l0xx_hal_uart.o(i.HAL_UART_TxCpltCallback), (2 bytes).
    Removing stm32l0xx_hal_uart.o(i.HAL_UART_TxHalfCpltCallback), (2 bytes).
    Removing stm32l0xx_hal_uart.o(i.UART_DMAAbortOnError), (20 bytes).
    Removing stm32l0xx_hal_uart.o(i.UART_DMAError), (74 bytes).
    Removing stm32l0xx_hal_uart.o(i.UART_DMAReceiveCplt), (64 bytes).
    Removing stm32l0xx_hal_uart.o(i.UART_DMARxAbortCallback), (54 bytes).
    Removing stm32l0xx_hal_uart.o(i.UART_DMARxHalfCplt), (10 bytes).
    Removing stm32l0xx_hal_uart.o(i.UART_DMARxOnlyAbortCallback), (28 bytes).
    Removing stm32l0xx_hal_uart.o(i.UART_DMATransmitCplt), (48 bytes).
    Removing stm32l0xx_hal_uart.o(i.UART_DMATxAbortCallback), (54 bytes).
    Removing stm32l0xx_hal_uart.o(i.UART_DMATxHalfCplt), (10 bytes).
    Removing stm32l0xx_hal_uart.o(i.UART_DMATxOnlyAbortCallback), (22 bytes).
    Removing stm32l0xx_hal_uart.o(i.UART_EndRxTransfer), (30 bytes).
    Removing stm32l0xx_hal_uart.o(i.UART_EndTxTransfer), (18 bytes).
    Removing stm32l0xx_hal_uart.o(i.UART_Receive_IT), (126 bytes).
    Removing stm32l0xx_hal_uart.o(i.UART_Transmit_IT), (102 bytes).
    Removing stm32l0xx_hal_gpio.o(.rev16_text), (4 bytes).
    Removing stm32l0xx_hal_gpio.o(.revsh_text), (4 bytes).
    Removing stm32l0xx_hal_gpio.o(i.HAL_GPIO_DeInit), (240 bytes).
    Removing stm32l0xx_hal_gpio.o(i.HAL_GPIO_EXTI_Callback), (2 bytes).
    Removing stm32l0xx_hal_gpio.o(i.HAL_GPIO_EXTI_IRQHandler), (24 bytes).
    Removing stm32l0xx_hal_gpio.o(i.HAL_GPIO_LockPin), (36 bytes).
    Removing stm32l0xx_hal_gpio.o(i.HAL_GPIO_ReadPin), (10 bytes).
    Removing stm32l0xx_it.o(.rev16_text), (4 bytes).
    Removing stm32l0xx_it.o(.revsh_text), (4 bytes).
    Removing stm32l0xx_it.o(i.BusFault_Handler), (2 bytes).
    Removing stm32l0xx_it.o(i.DebugMon_Handler), (2 bytes).
    Removing stm32l0xx_it.o(i.MemManage_Handler), (2 bytes).
    Removing stm32l0xx_it.o(i.UsageFault_Handler), (2 bytes).
    Removing stm32l0xx_hal_msp.o(.rev16_text), (4 bytes).
    Removing stm32l0xx_hal_msp.o(.revsh_text), (4 bytes).
    Removing stm32l0xx_hal_msp.o(i.HAL_UART_MspDeInit), (52 bytes).
    Removing main.o(.rev16_text), (4 bytes).
    Removing main.o(.revsh_text), (4 bytes).
    Removing startup_stm32l073xx.o(HEAP), (512 bytes).
    Removing stm32l0xx_nucleo.o(.rev16_text), (4 bytes).
    Removing stm32l0xx_nucleo.o(.revsh_text), (4 bytes).
    Removing stm32l0xx_nucleo.o(i.BSP_GetVersion), (8 bytes).
    Removing stm32l0xx_nucleo.o(i.BSP_LED_DeInit), (40 bytes).
    Removing stm32l0xx_nucleo.o(i.BSP_LED_Off), (32 bytes).
    Removing stm32l0xx_nucleo.o(i.BSP_PB_DeInit), (40 bytes).
    Removing stm32l0xx_nucleo.o(i.BSP_PB_GetState), (28 bytes).
    Removing stm32l0xx_nucleo.o(i.BSP_PB_Init), (116 bytes).

197 unused section(s) (total 10684 bytes) removed from the image.

==============================================================================

Image Symbol Table

    Local Symbols

    Symbol Name                              Value     Ov Type        Size  Object(Section)

    ../../../../../../Drivers/BSP/STM32L0xx_Nucleo/stm32l0xx_nucleo.c 0x00000000   Number         0  stm32l0xx_nucleo.o ABSOLUTE
    ../../../../../../Drivers/STM32L0xx_HAL_Driver/Src/stm32l0xx_hal.c 0x00000000   Number         0  stm32l0xx_hal.o ABSOLUTE
    ../../../../../../Drivers/STM32L0xx_HAL_Driver/Src/stm32l0xx_hal_cortex.c 0x00000000   Number         0  stm32l0xx_hal_cortex.o ABSOLUTE
    ../../../../../../Drivers/STM32L0xx_HAL_Driver/Src/stm32l0xx_hal_dma.c 0x00000000   Number         0  stm32l0xx_hal_dma.o ABSOLUTE
    ../../../../../../Drivers/STM32L0xx_HAL_Driver/Src/stm32l0xx_hal_gpio.c 0x00000000   Number         0  stm32l0xx_hal_gpio.o ABSOLUTE
    ../../../../../../Drivers/STM32L0xx_HAL_Driver/Src/stm32l0xx_hal_pwr.c 0x00000000   Number         0  stm32l0xx_hal_pwr.o ABSOLUTE
    ../../../../../../Drivers/STM32L0xx_HAL_Driver/Src/stm32l0xx_hal_pwr_ex.c 0x00000000   Number         0  stm32l0xx_hal_pwr_ex.o ABSOLUTE
    ../../../../../../Drivers/STM32L0xx_HAL_Driver/Src/stm32l0xx_hal_rcc.c 0x00000000   Number         0  stm32l0xx_hal_rcc.o ABSOLUTE
    ../../../../../../Drivers/STM32L0xx_HAL_Driver/Src/stm32l0xx_hal_rcc_ex.c 0x00000000   Number         0  stm32l0xx_hal_rcc_ex.o ABSOLUTE
    ../../../../../../Drivers/STM32L0xx_HAL_Driver/Src/stm32l0xx_hal_uart.c 0x00000000   Number         0  stm32l0xx_hal_uart.o ABSOLUTE
    ../../../../../../Drivers/STM32L0xx_HAL_Driver/Src/stm32l0xx_hal_uart_ex.c 0x00000000   Number         0  stm32l0xx_hal_uart_ex.o ABSOLUTE
    ../Src/main.c                            0x00000000   Number         0  main.o ABSOLUTE
    ../Src/stm32l0xx_hal_msp.c               0x00000000   Number         0  stm32l0xx_hal_msp.o ABSOLUTE
    ../Src/stm32l0xx_it.c                    0x00000000   Number         0  stm32l0xx_it.o ABSOLUTE
    ../Src/system_stm32l0xx.c                0x00000000   Number         0  system_stm32l0xx.o ABSOLUTE
    ../clib/microlib/division.c              0x00000000   Number         0  uldiv.o ABSOLUTE
    ../clib/microlib/division.c              0x00000000   Number         0  uidiv.o ABSOLUTE
    ../clib/microlib/init/entry.s            0x00000000   Number         0  entry9a.o ABSOLUTE
    ../clib/microlib/init/entry.s            0x00000000   Number         0  entry8b.o ABSOLUTE
    ../clib/microlib/init/entry.s            0x00000000   Number         0  entry.o ABSOLUTE
    ../clib/microlib/init/entry.s            0x00000000   Number         0  entry11a.o ABSOLUTE
    ../clib/microlib/init/entry.s            0x00000000   Number         0  entry8a.o ABSOLUTE
    ../clib/microlib/init/entry.s            0x00000000   Number         0  entry7b.o ABSOLUTE
    ../clib/microlib/init/entry.s            0x00000000   Number         0  entry5.o ABSOLUTE
    ../clib/microlib/init/entry.s            0x00000000   Number         0  entry2.o ABSOLUTE
    ../clib/microlib/init/entry.s            0x00000000   Number         0  entry9b.o ABSOLUTE
    ../clib/microlib/init/entry.s            0x00000000   Number         0  entry7a.o ABSOLUTE
    ../clib/microlib/init/entry.s            0x00000000   Number         0  entry11b.o ABSOLUTE
    ../clib/microlib/init/entry.s            0x00000000   Number         0  entry10b.o ABSOLUTE
    ../clib/microlib/init/entry.s            0x00000000   Number         0  entry10a.o ABSOLUTE
    ../clib/microlib/longlong.c              0x00000000   Number         0  llushr.o ABSOLUTE
    ../clib/microlib/longlong.c              0x00000000   Number         0  llshl.o ABSOLUTE
    ../clib/microlib/string/memset.c         0x00000000   Number         0  memseta.o ABSOLUTE
    ..\..\..\..\..\..\Drivers\BSP\STM32L0xx_Nucleo\stm32l0xx_nucleo.c 0x00000000   Number         0  stm32l0xx_nucleo.o ABSOLUTE
    ..\..\..\..\..\..\Drivers\STM32L0xx_HAL_Driver\Src\stm32l0xx_hal.c 0x00000000   Number         0  stm32l0xx_hal.o ABSOLUTE
    ..\..\..\..\..\..\Drivers\STM32L0xx_HAL_Driver\Src\stm32l0xx_hal_cortex.c 0x00000000   Number         0  stm32l0xx_hal_cortex.o ABSOLUTE
    ..\..\..\..\..\..\Drivers\STM32L0xx_HAL_Driver\Src\stm32l0xx_hal_dma.c 0x00000000   Number         0  stm32l0xx_hal_dma.o ABSOLUTE
    ..\..\..\..\..\..\Drivers\STM32L0xx_HAL_Driver\Src\stm32l0xx_hal_gpio.c 0x00000000   Number         0  stm32l0xx_hal_gpio.o ABSOLUTE
    ..\..\..\..\..\..\Drivers\STM32L0xx_HAL_Driver\Src\stm32l0xx_hal_pwr.c 0x00000000   Number         0  stm32l0xx_hal_pwr.o ABSOLUTE
    ..\..\..\..\..\..\Drivers\STM32L0xx_HAL_Driver\Src\stm32l0xx_hal_pwr_ex.c 0x00000000   Number         0  stm32l0xx_hal_pwr_ex.o ABSOLUTE
    ..\..\..\..\..\..\Drivers\STM32L0xx_HAL_Driver\Src\stm32l0xx_hal_rcc.c 0x00000000   Number         0  stm32l0xx_hal_rcc.o ABSOLUTE
    ..\..\..\..\..\..\Drivers\STM32L0xx_HAL_Driver\Src\stm32l0xx_hal_rcc_ex.c 0x00000000   Number         0  stm32l0xx_hal_rcc_ex.o ABSOLUTE
    ..\..\..\..\..\..\Drivers\STM32L0xx_HAL_Driver\Src\stm32l0xx_hal_uart.c 0x00000000   Number         0  stm32l0xx_hal_uart.o ABSOLUTE
    ..\..\..\..\..\..\Drivers\STM32L0xx_HAL_Driver\Src\stm32l0xx_hal_uart_ex.c 0x00000000   Number         0  stm32l0xx_hal_uart_ex.o ABSOLUTE
    ..\Src\main.c                            0x00000000   Number         0  main.o ABSOLUTE
    ..\Src\stm32l0xx_hal_msp.c               0x00000000   Number         0  stm32l0xx_hal_msp.o ABSOLUTE
    ..\Src\stm32l0xx_it.c                    0x00000000   Number         0  stm32l0xx_it.o ABSOLUTE
    ..\Src\system_stm32l0xx.c                0x00000000   Number         0  system_stm32l0xx.o ABSOLUTE
    dc.s                                     0x00000000   Number         0  dc.o ABSOLUTE
    handlers.s                               0x00000000   Number         0  handlers.o ABSOLUTE
    init.s                                   0x00000000   Number         0  init.o ABSOLUTE
    startup_stm32l073xx.s                    0x00000000   Number         0  startup_stm32l073xx.o ABSOLUTE
    RESET                                    0x08000000   Section      192  startup_stm32l073xx.o(RESET)
    .ARM.Collect$$$$00000000                 0x080000c0   Section        0  entry.o(.ARM.Collect$$$$00000000)
    .ARM.Collect$$$$00000001                 0x080000c0   Section        4  entry2.o(.ARM.Collect$$$$00000001)
    .ARM.Collect$$$$00000004                 0x080000c4   Section        4  entry5.o(.ARM.Collect$$$$00000004)
    .ARM.Collect$$$$00000008                 0x080000c8   Section        0  entry7b.o(.ARM.Collect$$$$00000008)
    .ARM.Collect$$$$0000000A                 0x080000c8   Section        0  entry8b.o(.ARM.Collect$$$$0000000A)
    .ARM.Collect$$$$0000000B                 0x080000c8   Section        8  entry9a.o(.ARM.Collect$$$$0000000B)
    .ARM.Collect$$$$0000000D                 0x080000d0   Section        0  entry10a.o(.ARM.Collect$$$$0000000D)
    .ARM.Collect$$$$0000000F                 0x080000d0   Section        0  entry11a.o(.ARM.Collect$$$$0000000F)
    .ARM.Collect$$$$00002712                 0x080000d0   Section        4  entry2.o(.ARM.Collect$$$$00002712)
    __lit__00000000                          0x080000d0   Data           4  entry2.o(.ARM.Collect$$$$00002712)
    .text                                    0x080000d4   Section       28  startup_stm32l073xx.o(.text)
    .text                                    0x080000f0   Section        0  uidiv.o(.text)
    .text                                    0x0800011c   Section        0  uldiv.o(.text)
    .text                                    0x0800017c   Section        0  memseta.o(.text)
    .text                                    0x080001a0   Section        0  llshl.o(.text)
    .text                                    0x080001c0   Section        0  llushr.o(.text)
    .text                                    0x080001e4   Section       36  init.o(.text)
    i.BSP_LED_Init                           0x08000208   Section        0  stm32l0xx_nucleo.o(i.BSP_LED_Init)
    i.BSP_LED_On                             0x08000258   Section        0  stm32l0xx_nucleo.o(i.BSP_LED_On)
    i.BSP_LED_Toggle                         0x08000278   Section        0  stm32l0xx_nucleo.o(i.BSP_LED_Toggle)
    i.Error_Handler                          0x08000294   Section        0  main.o(i.Error_Handler)
    Error_Handler                            0x08000295   Thumb Code     8  main.o(i.Error_Handler)
    i.HAL_Delay                              0x0800029c   Section        0  stm32l0xx_hal.o(i.HAL_Delay)
    i.HAL_GPIO_Init                          0x080002b4   Section        0  stm32l0xx_hal_gpio.o(i.HAL_GPIO_Init)
    i.HAL_GPIO_TogglePin                     0x08000438   Section        0  stm32l0xx_hal_gpio.o(i.HAL_GPIO_TogglePin)
    i.HAL_GPIO_WritePin                      0x08000440   Section        0  stm32l0xx_hal_gpio.o(i.HAL_GPIO_WritePin)
    i.HAL_GetTick                            0x0800044c   Section        0  stm32l0xx_hal.o(i.HAL_GetTick)
    i.HAL_IncTick                            0x08000458   Section        0  stm32l0xx_hal.o(i.HAL_IncTick)
    i.HAL_Init                               0x08000468   Section        0  stm32l0xx_hal.o(i.HAL_Init)
    i.HAL_InitTick                           0x08000488   Section        0  stm32l0xx_hal.o(i.HAL_InitTick)
    i.HAL_MspInit                            0x080004b0   Section        0  stm32l0xx_hal.o(i.HAL_MspInit)
    i.HAL_NVIC_EnableIRQ                     0x080004b4   Section        0  stm32l0xx_hal_cortex.o(i.HAL_NVIC_EnableIRQ)
    i.HAL_NVIC_SetPriority                   0x080004cc   Section        0  stm32l0xx_hal_cortex.o(i.HAL_NVIC_SetPriority)
    i.HAL_RCCEx_GetPeriphCLKFreq             0x080004d4   Section        0  stm32l0xx_hal_rcc_ex.o(i.HAL_RCCEx_GetPeriphCLKFreq)
    i.HAL_RCC_ClockConfig                    0x0800069c   Section        0  stm32l0xx_hal_rcc.o(i.HAL_RCC_ClockConfig)
    i.HAL_RCC_GetPCLK1Freq                   0x08000804   Section        0  stm32l0xx_hal_rcc.o(i.HAL_RCC_GetPCLK1Freq)
    i.HAL_RCC_GetPCLK2Freq                   0x08000824   Section        0  stm32l0xx_hal_rcc.o(i.HAL_RCC_GetPCLK2Freq)
    i.HAL_RCC_GetSysClockFreq                0x08000844   Section        0  stm32l0xx_hal_rcc.o(i.HAL_RCC_GetSysClockFreq)
    i.HAL_RCC_OscConfig                      0x080008bc   Section        0  stm32l0xx_hal_rcc.o(i.HAL_RCC_OscConfig)
    i.HAL_SYSTICK_Config                     0x08000d10   Section        0  stm32l0xx_hal_cortex.o(i.HAL_SYSTICK_Config)
    i.HAL_UART_Init                          0x08000d40   Section        0  stm32l0xx_hal_uart.o(i.HAL_UART_Init)
    i.HAL_UART_MspInit                       0x08000dac   Section        0  stm32l0xx_hal_msp.o(i.HAL_UART_MspInit)
    i.HAL_UART_Transmit                      0x08000e18   Section        0  stm32l0xx_hal_uart.o(i.HAL_UART_Transmit)
    i.HardFault_Handler                      0x08000ee0   Section        0  stm32l0xx_it.o(i.HardFault_Handler)
    i.NMI_Handler                            0x08000ee2   Section        0  stm32l0xx_it.o(i.NMI_Handler)
    i.PendSV_Handler                         0x08000ee4   Section        0  stm32l0xx_it.o(i.PendSV_Handler)
    i.RCC_SetFlashLatencyFromMSIRange        0x08000ee8   Section        0  stm32l0xx_hal_rcc.o(i.RCC_SetFlashLatencyFromMSIRange)
    RCC_SetFlashLatencyFromMSIRange          0x08000ee9   Thumb Code    94  stm32l0xx_hal_rcc.o(i.RCC_SetFlashLatencyFromMSIRange)
    i.SVC_Handler                            0x08000f58   Section        0  stm32l0xx_it.o(i.SVC_Handler)
    i.SysTick_Handler                        0x08000f5a   Section        0  stm32l0xx_it.o(i.SysTick_Handler)
    i.SystemClock_Config                     0x08000f64   Section        0  main.o(i.SystemClock_Config)
    SystemClock_Config                       0x08000f65   Thumb Code   110  main.o(i.SystemClock_Config)
    i.SystemInit                             0x08000fdc   Section        0  system_stm32l0xx.o(i.SystemInit)
    i.UART_AdvFeatureConfig                  0x08001030   Section        0  stm32l0xx_hal_uart.o(i.UART_AdvFeatureConfig)
    i.UART_CharReception_Callback            0x080010fc   Section        0  main.o(i.UART_CharReception_Callback)
    i.UART_CheckIdleState                    0x08001130   Section        0  stm32l0xx_hal_uart.o(i.UART_CheckIdleState)
    i.UART_Error_Callback                    0x08001190   Section        0  main.o(i.UART_Error_Callback)
    i.UART_SetConfig                         0x080011bc   Section        0  stm32l0xx_hal_uart.o(i.UART_SetConfig)
    i.UART_WaitOnFlagUntilTimeout            0x080013ec   Section        0  stm32l0xx_hal_uart.o(i.UART_WaitOnFlagUntilTimeout)
    i.USART2_IRQHandler                      0x08001450   Section        0  stm32l0xx_it.o(i.USART2_IRQHandler)
    i.__ARM_common_switch8                   0x08001484   Section        0  stm32l0xx_hal_uart.o(i.__ARM_common_switch8)
    i.__NVIC_SetPriority                     0x080014a0   Section        0  stm32l0xx_hal_cortex.o(i.__NVIC_SetPriority)
    __NVIC_SetPriority                       0x080014a1   Thumb Code    60  stm32l0xx_hal_cortex.o(i.__NVIC_SetPriority)
    i.__scatterload_copy                     0x080014e4   Section       14  handlers.o(i.__scatterload_copy)
    i.__scatterload_null                     0x080014f2   Section        2  handlers.o(i.__scatterload_null)
    i.__scatterload_zeroinit                 0x080014f4   Section       14  handlers.o(i.__scatterload_zeroinit)
    i.main                                   0x08001504   Section        0  main.o(i.main)
    .constdata                               0x080015a8   Section       25  system_stm32l0xx.o(.constdata)
    .constdata                               0x080015c1   Section        8  system_stm32l0xx.o(.constdata)
    .constdata                               0x080015ca   Section        6  stm32l0xx_nucleo.o(.constdata)
    .data                                    0x20000000   Section        4  system_stm32l0xx.o(.data)
    .data                                    0x20000004   Section        4  stm32l0xx_hal.o(.data)
    .data                                    0x20000008   Section      163  main.o(.data)
    .data                                    0x200000ac   Section        8  stm32l0xx_nucleo.o(.data)
    .bss                                     0x200000b4   Section      132  main.o(.bss)
    STACK                                    0x20000138   Section     1024  startup_stm32l073xx.o(STACK)

    Global Symbols

    Symbol Name                              Value     Ov Type        Size  Object(Section)

    BuildAttributes$$THM_ISAv3M$S$PE$A:L22$X:L11$S22$IEEE1$IW$USESV6$~STKCKD$USESV7$~SHL$OSPACE$EBA8$MICROLIB$REQ8$PRES8$EABIv2 0x00000000   Number         0  anon$$obj.o ABSOLUTE
    __ARM_use_no_argv                        0x00000000   Number         0  main.o ABSOLUTE
    __cpp_initialize__aeabi_                  - Undefined Weak Reference
    __cxa_finalize                            - Undefined Weak Reference
    __decompress                              - Undefined Weak Reference
    _clock_init                               - Undefined Weak Reference
    _microlib_exit                            - Undefined Weak Reference
    __Vectors_Size                           0x000000c0   Number         0  startup_stm32l073xx.o ABSOLUTE
    __Vectors                                0x08000000   Data           4  startup_stm32l073xx.o(RESET)
    __Vectors_End                            0x080000c0   Data           0  startup_stm32l073xx.o(RESET)
    __main                                   0x080000c1   Thumb Code     0  entry.o(.ARM.Collect$$$$00000000)
    _main_stk                                0x080000c1   Thumb Code     0  entry2.o(.ARM.Collect$$$$00000001)
    _main_scatterload                        0x080000c5   Thumb Code     0  entry5.o(.ARM.Collect$$$$00000004)
    __main_after_scatterload                 0x080000c9   Thumb Code     0  entry5.o(.ARM.Collect$$$$00000004)
    _main_clock                              0x080000c9   Thumb Code     0  entry7b.o(.ARM.Collect$$$$00000008)
    _main_cpp_init                           0x080000c9   Thumb Code     0  entry8b.o(.ARM.Collect$$$$0000000A)
    _main_init                               0x080000c9   Thumb Code     0  entry9a.o(.ARM.Collect$$$$0000000B)
    __rt_final_cpp                           0x080000d1   Thumb Code     0  entry10a.o(.ARM.Collect$$$$0000000D)
    __rt_final_exit                          0x080000d1   Thumb Code     0  entry11a.o(.ARM.Collect$$$$0000000F)
    Reset_Handler                            0x080000d5   Thumb Code     8  startup_stm32l073xx.o(.text)
    ADC1_COMP_IRQHandler                     0x080000e7   Thumb Code     0  startup_stm32l073xx.o(.text)
    DMA1_Channel1_IRQHandler                 0x080000e7   Thumb Code     0  startup_stm32l073xx.o(.text)
    DMA1_Channel2_3_IRQHandler               0x080000e7   Thumb Code     0  startup_stm32l073xx.o(.text)
    DMA1_Channel4_5_6_7_IRQHandler           0x080000e7   Thumb Code     0  startup_stm32l073xx.o(.text)
    EXTI0_1_IRQHandler                       0x080000e7   Thumb Code     0  startup_stm32l073xx.o(.text)
    EXTI2_3_IRQHandler                       0x080000e7   Thumb Code     0  startup_stm32l073xx.o(.text)
    EXTI4_15_IRQHandler                      0x080000e7   Thumb Code     0  startup_stm32l073xx.o(.text)
    FLASH_IRQHandler                         0x080000e7   Thumb Code     0  startup_stm32l073xx.o(.text)
    I2C1_IRQHandler                          0x080000e7   Thumb Code     0  startup_stm32l073xx.o(.text)
    I2C2_IRQHandler                          0x080000e7   Thumb Code     0  startup_stm32l073xx.o(.text)
    I2C3_IRQHandler                          0x080000e7   Thumb Code     0  startup_stm32l073xx.o(.text)
    LCD_IRQHandler                           0x080000e7   Thumb Code     0  startup_stm32l073xx.o(.text)
    LPTIM1_IRQHandler                        0x080000e7   Thumb Code     0  startup_stm32l073xx.o(.text)
    PVD_IRQHandler                           0x080000e7   Thumb Code     0  startup_stm32l073xx.o(.text)
    RCC_CRS_IRQHandler                       0x080000e7   Thumb Code     0  startup_stm32l073xx.o(.text)
    RNG_LPUART1_IRQHandler                   0x080000e7   Thumb Code     0  startup_stm32l073xx.o(.text)
    RTC_IRQHandler                           0x080000e7   Thumb Code     0  startup_stm32l073xx.o(.text)
    SPI1_IRQHandler                          0x080000e7   Thumb Code     0  startup_stm32l073xx.o(.text)
    SPI2_IRQHandler                          0x080000e7   Thumb Code     0  startup_stm32l073xx.o(.text)
    TIM21_IRQHandler                         0x080000e7   Thumb Code     0  startup_stm32l073xx.o(.text)
    TIM22_IRQHandler                         0x080000e7   Thumb Code     0  startup_stm32l073xx.o(.text)
    TIM2_IRQHandler                          0x080000e7   Thumb Code     0  startup_stm32l073xx.o(.text)
    TIM3_IRQHandler                          0x080000e7   Thumb Code     0  startup_stm32l073xx.o(.text)
    TIM6_DAC_IRQHandler                      0x080000e7   Thumb Code     0  startup_stm32l073xx.o(.text)
    TIM7_IRQHandler                          0x080000e7   Thumb Code     0  startup_stm32l073xx.o(.text)
    TSC_IRQHandler                           0x080000e7   Thumb Code     0  startup_stm32l073xx.o(.text)
    USART1_IRQHandler                        0x080000e7   Thumb Code     0  startup_stm32l073xx.o(.text)
    USART4_5_IRQHandler                      0x080000e7   Thumb Code     0  startup_stm32l073xx.o(.text)
    USB_IRQHandler                           0x080000e7   Thumb Code     0  startup_stm32l073xx.o(.text)
    WWDG_IRQHandler                          0x080000e7   Thumb Code     0  startup_stm32l073xx.o(.text)
    __aeabi_uidiv                            0x080000f1   Thumb Code     0  uidiv.o(.text)
    __aeabi_uidivmod                         0x080000f1   Thumb Code    44  uidiv.o(.text)
    __aeabi_uldivmod                         0x0800011d   Thumb Code    96  uldiv.o(.text)
    __aeabi_memset                           0x0800017d   Thumb Code    14  memseta.o(.text)
    __aeabi_memset4                          0x0800017d   Thumb Code     0  memseta.o(.text)
    __aeabi_memset8                          0x0800017d   Thumb Code     0  memseta.o(.text)
    __aeabi_memclr                           0x0800018b   Thumb Code     4  memseta.o(.text)
    __aeabi_memclr4                          0x0800018b   Thumb Code     0  memseta.o(.text)
    __aeabi_memclr8                          0x0800018b   Thumb Code     0  memseta.o(.text)
    _memset$wrapper                          0x0800018f   Thumb Code    18  memseta.o(.text)
    __aeabi_llsl                             0x080001a1   Thumb Code    32  llshl.o(.text)
    _ll_shift_l                              0x080001a1   Thumb Code     0  llshl.o(.text)
    __aeabi_llsr                             0x080001c1   Thumb Code    34  llushr.o(.text)
    _ll_ushift_r                             0x080001c1   Thumb Code     0  llushr.o(.text)
    __scatterload                            0x080001e5   Thumb Code    28  init.o(.text)
    __scatterload_rt2                        0x080001e5   Thumb Code     0  init.o(.text)
    BSP_LED_Init                             0x08000209   Thumb Code    68  stm32l0xx_nucleo.o(i.BSP_LED_Init)
    BSP_LED_On                               0x08000259   Thumb Code    22  stm32l0xx_nucleo.o(i.BSP_LED_On)
    BSP_LED_Toggle                           0x08000279   Thumb Code    20  stm32l0xx_nucleo.o(i.BSP_LED_Toggle)
    HAL_Delay                                0x0800029d   Thumb Code    22  stm32l0xx_hal.o(i.HAL_Delay)
    HAL_GPIO_Init                            0x080002b5   Thumb Code   356  stm32l0xx_hal_gpio.o(i.HAL_GPIO_Init)
    HAL_GPIO_TogglePin                       0x08000439   Thumb Code     8  stm32l0xx_hal_gpio.o(i.HAL_GPIO_TogglePin)
    HAL_GPIO_WritePin                        0x08000441   Thumb Code    12  stm32l0xx_hal_gpio.o(i.HAL_GPIO_WritePin)
    HAL_GetTick                              0x0800044d   Thumb Code     6  stm32l0xx_hal.o(i.HAL_GetTick)
    HAL_IncTick                              0x08000459   Thumb Code    10  stm32l0xx_hal.o(i.HAL_IncTick)
    HAL_Init                                 0x08000469   Thumb Code    26  stm32l0xx_hal.o(i.HAL_Init)
    HAL_InitTick                             0x08000489   Thumb Code    34  stm32l0xx_hal.o(i.HAL_InitTick)
    HAL_MspInit                              0x080004b1   Thumb Code     2  stm32l0xx_hal.o(i.HAL_MspInit)
    HAL_NVIC_EnableIRQ                       0x080004b5   Thumb Code    18  stm32l0xx_hal_cortex.o(i.HAL_NVIC_EnableIRQ)
    HAL_NVIC_SetPriority                     0x080004cd   Thumb Code     8  stm32l0xx_hal_cortex.o(i.HAL_NVIC_SetPriority)
    HAL_RCCEx_GetPeriphCLKFreq               0x080004d5   Thumb Code   414  stm32l0xx_hal_rcc_ex.o(i.HAL_RCCEx_GetPeriphCLKFreq)
    HAL_RCC_ClockConfig                      0x0800069d   Thumb Code   340  stm32l0xx_hal_rcc.o(i.HAL_RCC_ClockConfig)
    HAL_RCC_GetPCLK1Freq                     0x08000805   Thumb Code    20  stm32l0xx_hal_rcc.o(i.HAL_RCC_GetPCLK1Freq)
    HAL_RCC_GetPCLK2Freq                     0x08000825   Thumb Code    20  stm32l0xx_hal_rcc.o(i.HAL_RCC_GetPCLK2Freq)
    HAL_RCC_GetSysClockFreq                  0x08000845   Thumb Code   100  stm32l0xx_hal_rcc.o(i.HAL_RCC_GetSysClockFreq)
    HAL_RCC_OscConfig                        0x080008bd   Thumb Code  1106  stm32l0xx_hal_rcc.o(i.HAL_RCC_OscConfig)
    HAL_SYSTICK_Config                       0x08000d11   Thumb Code    38  stm32l0xx_hal_cortex.o(i.HAL_SYSTICK_Config)
    HAL_UART_Init                            0x08000d41   Thumb Code   108  stm32l0xx_hal_uart.o(i.HAL_UART_Init)
    HAL_UART_MspInit                         0x08000dad   Thumb Code   102  stm32l0xx_hal_msp.o(i.HAL_UART_MspInit)
    HAL_UART_Transmit                        0x08000e19   Thumb Code   200  stm32l0xx_hal_uart.o(i.HAL_UART_Transmit)
    HardFault_Handler                        0x08000ee1   Thumb Code     2  stm32l0xx_it.o(i.HardFault_Handler)
    NMI_Handler                              0x08000ee3   Thumb Code     2  stm32l0xx_it.o(i.NMI_Handler)
    PendSV_Handler                           0x08000ee5   Thumb Code     2  stm32l0xx_it.o(i.PendSV_Handler)
    SVC_Handler                              0x08000f59   Thumb Code     2  stm32l0xx_it.o(i.SVC_Handler)
    SysTick_Handler                          0x08000f5b   Thumb Code     8  stm32l0xx_it.o(i.SysTick_Handler)
    SystemInit                               0x08000fdd   Thumb Code    66  system_stm32l0xx.o(i.SystemInit)
    UART_AdvFeatureConfig                    0x08001031   Thumb Code   202  stm32l0xx_hal_uart.o(i.UART_AdvFeatureConfig)
    UART_CharReception_Callback              0x080010fd   Thumb Code    42  main.o(i.UART_CharReception_Callback)
    UART_CheckIdleState                      0x08001131   Thumb Code    90  stm32l0xx_hal_uart.o(i.UART_CheckIdleState)
    UART_Error_Callback                      0x08001191   Thumb Code    34  main.o(i.UART_Error_Callback)
    UART_SetConfig                           0x080011bd   Thumb Code   510  stm32l0xx_hal_uart.o(i.UART_SetConfig)
    UART_WaitOnFlagUntilTimeout              0x080013ed   Thumb Code    98  stm32l0xx_hal_uart.o(i.UART_WaitOnFlagUntilTimeout)
    USART2_IRQHandler                        0x08001451   Thumb Code    46  stm32l0xx_it.o(i.USART2_IRQHandler)
    __ARM_common_switch8                     0x08001485   Thumb Code    26  stm32l0xx_hal_uart.o(i.__ARM_common_switch8)
    __scatterload_copy                       0x080014e5   Thumb Code    14  handlers.o(i.__scatterload_copy)
    __scatterload_null                       0x080014f3   Thumb Code     2  handlers.o(i.__scatterload_null)
    __scatterload_zeroinit                   0x080014f5   Thumb Code    14  handlers.o(i.__scatterload_zeroinit)
    main                                     0x08001505   Thumb Code   150  main.o(i.main)
    AHBPrescTable                            0x080015a8   Data          16  system_stm32l0xx.o(.constdata)
    PLLMulTable                              0x080015b8   Data           9  system_stm32l0xx.o(.constdata)
    APBPrescTable                            0x080015c1   Data           8  system_stm32l0xx.o(.constdata)
    BUTTON_IRQn                              0x080015ca   Data           1  stm32l0xx_nucleo.o(.constdata)
    LED_PIN                                  0x080015cc   Data           2  stm32l0xx_nucleo.o(.constdata)
    BUTTON_PIN                               0x080015ce   Data           2  stm32l0xx_nucleo.o(.constdata)
    Region$$Table$$Base                      0x080015d0   Number         0  anon$$obj.o(Region$$Table)
    Region$$Table$$Limit                     0x080015f0   Number         0  anon$$obj.o(Region$$Table)
    SystemCoreClock                          0x20000000   Data           4  system_stm32l0xx.o(.data)
    uwTick                                   0x20000004   Data           4  stm32l0xx_hal.o(.data)
    ubSizeToSend                             0x20000008   Data           1  main.o(.data)
    uwNbReceivedChars                        0x2000000c   Data           4  main.o(.data)
    uwBufferReadyIndication                  0x20000010   Data           4  main.o(.data)
    pBufferReadyForUser                      0x20000014   Data           4  main.o(.data)
    pBufferReadyForReception                 0x20000018   Data           4  main.o(.data)
    aTxStartMessage                          0x2000001c   Data         143  main.o(.data)
    LED_PORT                                 0x200000ac   Data           4  stm32l0xx_nucleo.o(.data)
    BUTTON_PORT                              0x200000b0   Data           4  stm32l0xx_nucleo.o(.data)
    UartHandle                               0x200000b4   Data         112  main.o(.bss)
    aRXBufferA                               0x20000124   Data          10  main.o(.bss)
    aRXBufferB                               0x2000012e   Data          10  main.o(.bss)
    __initial_sp                             0x20000538   Data           0  startup_stm32l073xx.o(STACK)



==============================================================================

Memory Map of the image

  Image Entry point : 0x080000c1

  Load Region LR_IROM1 (Base: 0x08000000, Size: 0x000016a4, Max: 0x00030000, ABSOLUTE)

    Execution Region ER_IROM1 (Exec base: 0x08000000, Load base: 0x08000000, Size: 0x000015f0, Max: 0x00030000, ABSOLUTE)

    Exec Addr    Load Addr    Size         Type   Attr      Idx    E Section Name        Object

    0x08000000   0x08000000   0x000000c0   Data   RO         1519    RESET               startup_stm32l073xx.o
    0x080000c0   0x080000c0   0x00000000   Code   RO         1596  * .ARM.Collect$$$$00000000  mc_p.l(entry.o)
    0x080000c0   0x080000c0   0x00000004   Code   RO         1605    .ARM.Collect$$$$00000001  mc_p.l(entry2.o)
    0x080000c4   0x080000c4   0x00000004   Code   RO         1608    .ARM.Collect$$$$00000004  mc_p.l(entry5.o)
    0x080000c8   0x080000c8   0x00000000   Code   RO         1610    .ARM.Collect$$$$00000008  mc_p.l(entry7b.o)
    0x080000c8   0x080000c8   0x00000000   Code   RO         1612    .ARM.Collect$$$$0000000A  mc_p.l(entry8b.o)
    0x080000c8   0x080000c8   0x00000008   Code   RO         1613    .ARM.Collect$$$$0000000B  mc_p.l(entry9a.o)
    0x080000d0   0x080000d0   0x00000000   Code   RO         1615    .ARM.Collect$$$$0000000D  mc_p.l(entry10a.o)
    0x080000d0   0x080000d0   0x00000000   Code   RO         1617    .ARM.Collect$$$$0000000F  mc_p.l(entry11a.o)
    0x080000d0   0x080000d0   0x00000004   Code   RO         1606    .ARM.Collect$$$$00002712  mc_p.l(entry2.o)
    0x080000d4   0x080000d4   0x0000001c   Code   RO         1520    .text               startup_stm32l073xx.o
    0x080000f0   0x080000f0   0x0000002c   Code   RO         1599    .text               mc_p.l(uidiv.o)
    0x0800011c   0x0800011c   0x00000060   Code   RO         1601    .text               mc_p.l(uldiv.o)
    0x0800017c   0x0800017c   0x00000024   Code   RO         1603    .text               mc_p.l(memseta.o)
    0x080001a0   0x080001a0   0x00000020   Code   RO         1619    .text               mc_p.l(llshl.o)
    0x080001c0   0x080001c0   0x00000022   Code   RO         1621    .text               mc_p.l(llushr.o)
    0x080001e2   0x080001e2   0x00000002   PAD
    0x080001e4   0x080001e4   0x00000024   Code   RO         1623    .text               mc_p.l(init.o)
    0x08000208   0x08000208   0x00000050   Code   RO         1528    i.BSP_LED_Init      stm32l0xx_nucleo.o
    0x08000258   0x08000258   0x00000020   Code   RO         1530    i.BSP_LED_On        stm32l0xx_nucleo.o
    0x08000278   0x08000278   0x0000001c   Code   RO         1531    i.BSP_LED_Toggle    stm32l0xx_nucleo.o
    0x08000294   0x08000294   0x00000008   Code   RO         1467    i.Error_Handler     main.o
    0x0800029c   0x0800029c   0x00000016   Code   RO          267    i.HAL_Delay         stm32l0xx_hal.o
    0x080002b2   0x080002b2   0x00000002   PAD
    0x080002b4   0x080002b4   0x00000184   Code   RO         1275    i.HAL_GPIO_Init     stm32l0xx_hal_gpio.o
    0x08000438   0x08000438   0x00000008   Code   RO         1278    i.HAL_GPIO_TogglePin  stm32l0xx_hal_gpio.o
    0x08000440   0x08000440   0x0000000c   Code   RO         1279    i.HAL_GPIO_WritePin  stm32l0xx_hal_gpio.o
    0x0800044c   0x0800044c   0x0000000c   Code   RO          271    i.HAL_GetTick       stm32l0xx_hal.o
    0x08000458   0x08000458   0x00000010   Code   RO          272    i.HAL_IncTick       stm32l0xx_hal.o
    0x08000468   0x08000468   0x00000020   Code   RO          273    i.HAL_Init          stm32l0xx_hal.o
    0x08000488   0x08000488   0x00000028   Code   RO          274    i.HAL_InitTick      stm32l0xx_hal.o
    0x080004b0   0x080004b0   0x00000002   Code   RO          276    i.HAL_MspInit       stm32l0xx_hal.o
    0x080004b2   0x080004b2   0x00000002   PAD
    0x080004b4   0x080004b4   0x00000018   Code   RO          831    i.HAL_NVIC_EnableIRQ  stm32l0xx_hal_cortex.o
    0x080004cc   0x080004cc   0x00000008   Code   RO          835    i.HAL_NVIC_SetPriority  stm32l0xx_hal_cortex.o
    0x080004d4   0x080004d4   0x000001c8   Code   RO          599    i.HAL_RCCEx_GetPeriphCLKFreq  stm32l0xx_hal_rcc_ex.o
    0x0800069c   0x0800069c   0x00000168   Code   RO          426    i.HAL_RCC_ClockConfig  stm32l0xx_hal_rcc.o
    0x08000804   0x08000804   0x00000020   Code   RO          432    i.HAL_RCC_GetPCLK1Freq  stm32l0xx_hal_rcc.o
    0x08000824   0x08000824   0x00000020   Code   RO          433    i.HAL_RCC_GetPCLK2Freq  stm32l0xx_hal_rcc.o
    0x08000844   0x08000844   0x00000078   Code   RO          434    i.HAL_RCC_GetSysClockFreq  stm32l0xx_hal_rcc.o
    0x080008bc   0x080008bc   0x00000452   Code   RO          437    i.HAL_RCC_OscConfig  stm32l0xx_hal_rcc.o
    0x08000d0e   0x08000d0e   0x00000002   PAD
    0x08000d10   0x08000d10   0x00000030   Code   RO          839    i.HAL_SYSTICK_Config  stm32l0xx_hal_cortex.o
    0x08000d40   0x08000d40   0x0000006c   Code   RO          954    i.HAL_UART_Init     stm32l0xx_hal_uart.o
    0x08000dac   0x08000dac   0x0000006c   Code   RO         1439    i.HAL_UART_MspInit  stm32l0xx_hal_msp.o
    0x08000e18   0x08000e18   0x000000c8   Code   RO          962    i.HAL_UART_Transmit  stm32l0xx_hal_uart.o
    0x08000ee0   0x08000ee0   0x00000002   Code   RO         1336    i.HardFault_Handler  stm32l0xx_it.o
    0x08000ee2   0x08000ee2   0x00000002   Code   RO         1338    i.NMI_Handler       stm32l0xx_it.o
    0x08000ee4   0x08000ee4   0x00000002   Code   RO         1339    i.PendSV_Handler    stm32l0xx_it.o
    0x08000ee6   0x08000ee6   0x00000002   PAD
    0x08000ee8   0x08000ee8   0x00000070   Code   RO          438    i.RCC_SetFlashLatencyFromMSIRange  stm32l0xx_hal_rcc.o
    0x08000f58   0x08000f58   0x00000002   Code   RO         1340    i.SVC_Handler       stm32l0xx_it.o
    0x08000f5a   0x08000f5a   0x00000008   Code   RO         1341    i.SysTick_Handler   stm32l0xx_it.o
    0x08000f62   0x08000f62   0x00000002   PAD
    0x08000f64   0x08000f64   0x00000078   Code   RO         1468    i.SystemClock_Config  main.o
    0x08000fdc   0x08000fdc   0x00000054   Code   RO            4    i.SystemInit        system_stm32l0xx.o
    0x08001030   0x08001030   0x000000ca   Code   RO          967    i.UART_AdvFeatureConfig  stm32l0xx_hal_uart.o
    0x080010fa   0x080010fa   0x00000002   PAD
    0x080010fc   0x080010fc   0x00000034   Code   RO         1469    i.UART_CharReception_Callback  main.o
    0x08001130   0x08001130   0x00000060   Code   RO          968    i.UART_CheckIdleState  stm32l0xx_hal_uart.o
    0x08001190   0x08001190   0x0000002c   Code   RO         1470    i.UART_Error_Callback  main.o
    0x080011bc   0x080011bc   0x00000230   Code   RO          982    i.UART_SetConfig    stm32l0xx_hal_uart.o
    0x080013ec   0x080013ec   0x00000062   Code   RO          984    i.UART_WaitOnFlagUntilTimeout  stm32l0xx_hal_uart.o
    0x0800144e   0x0800144e   0x00000002   PAD
    0x08001450   0x08001450   0x00000034   Code   RO         1342    i.USART2_IRQHandler  stm32l0xx_it.o
    0x08001484   0x08001484   0x0000001a   Code   RO         1265    i.__ARM_common_switch8  stm32l0xx_hal_uart.o
    0x0800149e   0x0800149e   0x00000002   PAD
    0x080014a0   0x080014a0   0x00000044   Code   RO          841    i.__NVIC_SetPriority  stm32l0xx_hal_cortex.o
    0x080014e4   0x080014e4   0x0000000e   Code   RO         1627    i.__scatterload_copy  mc_p.l(handlers.o)
    0x080014f2   0x080014f2   0x00000002   Code   RO         1628    i.__scatterload_null  mc_p.l(handlers.o)
    0x080014f4   0x080014f4   0x0000000e   Code   RO         1629    i.__scatterload_zeroinit  mc_p.l(handlers.o)
    0x08001502   0x08001502   0x00000002   PAD
    0x08001504   0x08001504   0x000000a4   Code   RO         1471    i.main              main.o
    0x080015a8   0x080015a8   0x00000019   Data   RO            5    .constdata          system_stm32l0xx.o
    0x080015c1   0x080015c1   0x00000008   Data   RO            6    .constdata          system_stm32l0xx.o
    0x080015c9   0x080015c9   0x00000001   PAD
    0x080015ca   0x080015ca   0x00000006   Data   RO         1535    .constdata          stm32l0xx_nucleo.o
    0x080015d0   0x080015d0   0x00000020   Data   RO         1625    Region$$Table       anon$$obj.o


    Execution Region RW_IRAM1 (Exec base: 0x20000000, Load base: 0x080015f0, Size: 0x00000538, Max: 0x00005000, ABSOLUTE)

    Exec Addr    Load Addr    Size         Type   Attr      Idx    E Section Name        Object

    0x20000000   0x080015f0   0x00000004   Data   RW            7    .data               system_stm32l0xx.o
    0x20000004   0x080015f4   0x00000004   Data   RW          283    .data               stm32l0xx_hal.o
    0x20000008   0x080015f8   0x000000a3   Data   RW         1473    .data               main.o
    0x200000ab   0x0800169b   0x00000001   PAD
    0x200000ac   0x0800169c   0x00000008   Data   RW         1536    .data               stm32l0xx_nucleo.o
    0x200000b4        -       0x00000084   Zero   RW         1472    .bss                main.o
    0x20000138        -       0x00000400   Zero   RW         1517    STACK               startup_stm32l073xx.o


==============================================================================

Image component sizes


      Code (inc. data)   RO Data    RW Data    ZI Data      Debug   Object Name

       388         44          0        163        132      30978   main.o
        28          8        192          0       1024        688   startup_stm32l073xx.o
       124         24          0          4          0       5029   stm32l0xx_hal.o
       148         24          0          0          0      12041   stm32l0xx_hal_cortex.o
       408         32          0          0          0       3429   stm32l0xx_hal_gpio.o
       108          6          0          0          0       1115   stm32l0xx_hal_msp.o
      1762        120          0          0          0       7428   stm32l0xx_hal_rcc.o
       456         42          0          0          0       1809   stm32l0xx_hal_rcc_ex.o
      1290         80          0          0          0       7353   stm32l0xx_hal_uart.o
        68          6          0          0          0      23843   stm32l0xx_it.o
       140         30          6          8          0       3611   stm32l0xx_nucleo.o
        84         18         33          4          0     321075   system_stm32l0xx.o

    ----------------------------------------------------------------------
      5020        434        264        180       1156     418399   Object Totals
         0          0         32          0          0          0   (incl. Generated)
        16          0          1          1          0          0   (incl. Padding)

    ----------------------------------------------------------------------

      Code (inc. data)   RO Data    RW Data    ZI Data      Debug   Library Member Name

         0          0          0          0          0          0   entry.o
         0          0          0          0          0          0   entry10a.o
         0          0          0          0          0          0   entry11a.o
         8          4          0          0          0          0   entry2.o
         4          0          0          0          0          0   entry5.o
         0          0          0          0          0          0   entry7b.o
         0          0          0          0          0          0   entry8b.o
         8          4          0          0          0          0   entry9a.o
        30          0          0          0          0          0   handlers.o
        36          8          0          0          0         68   init.o
        32          0          0          0          0         68   llshl.o
        34          0          0          0          0         68   llushr.o
        36          0          0          0          0        100   memseta.o
        44          0          0          0          0         72   uidiv.o
        96          0          0          0          0         84   uldiv.o

    ----------------------------------------------------------------------
       332         16          0          0          0        460   Library Totals
         4          0          0          0          0          0   (incl. Padding)

    ----------------------------------------------------------------------

      Code (inc. data)   RO Data    RW Data    ZI Data      Debug   Library Name

       328         16          0          0          0        460   mc_p.l

    ----------------------------------------------------------------------
       332         16          0          0          0        460   Library Totals

    ----------------------------------------------------------------------

==============================================================================


      Code (inc. data)   RO Data    RW Data    ZI Data      Debug   

      5352        450        264        180       1156     417119   Grand Totals
      5352        450        264        180       1156     417119   ELF Image Totals
      5352        450        264        180          0          0   ROM Totals

==============================================================================

    Total RO  Size (Code + RO Data)                 5616 (   5.48kB)
    Total RW  Size (RW Data + ZI Data)              1336 (   1.30kB)
    Total ROM Size (Code + RO Data + RW Data)       5796 (   5.66kB)

==============================================================================

